45.146.165.37 - - [16/Jan/2022:00:01:53 -0500] "GET /_ignition/execute-solution HTTP/1.1" 404 5601 "-" "Mozilla/5.0 (Windows NT 10.0; Win64; x64) AppleWebKit/537.36 (KHTML, like Gecko) Chrome/78.0.3904.108 Safari/537.36"
143.198.27.169 - - [16/Jan/2022:00:18:52 -0500] "GET / HTTP/1.1" 200 642 "-" "Mozilla/5.0 (compatible; InternetMeasurement/1.0; +https://internet-measurement.com/)"
167.248.133.115 - - [16/Jan/2022:00:29:22 -0500] "GET / HTTP/1.1" 200 6107 "-" "-"
167.248.133.115 - - [16/Jan/2022:00:29:22 -0500] "GET / HTTP/1.1" 200 5767 "-" "Mozilla/5.0 (compatible; CensysInspect/1.1; +https://about.censys.io/)"
45.146.165.37 - - [16/Jan/2022:00:35:09 -0500] "GET /_ignition/execute-solution HTTP/1.1" 404 5601 "-" "Mozilla/5.0 (Windows NT 10.0; Win64; x64) AppleWebKit/537.36 (KHTML, like Gecko) Chrome/78.0.3904.108 Safari/537.36"
164.52.24.179 - - [16/Jan/2022:00:47:26 -0500] "\x16\x03\x01\x01 \x01" 400 498 "-" "-"
164.52.24.179 - - [16/Jan/2022:00:47:33 -0500] "\x16\x03\x01" 400 498 "-" "-"
164.52.24.179 - - [16/Jan/2022:00:47:40 -0500] "\x16\x03\x01" 400 498 "-" "-"
164.52.24.179 - - [16/Jan/2022:00:47:43 -0500] "\x16\x03\x01" 400 498 "-" "-"
164.52.24.179 - - [16/Jan/2022:00:47:49 -0500] "GET / HTTP/1.1" 200 963 "-" "Mozilla/5.0 (Windows NT 10.0; Win64; x64; rv:79.0) Gecko/20100101 Firefox/79.0"
45.146.165.37 - - [16/Jan/2022:00:52:45 -0500] "GET / HTTP/1.1" 200 5786 "-" "Mozilla/5.0 (Windows NT 10.0; Win64; x64) AppleWebKit/537.36 (KHTML, like Gecko) Chrome/78.0.3904.108 Safari/537.36"
199.117.154.162 - - [16/Jan/2022:01:14:07 -0500] "GET /.env HTTP/1.1" 404 493 "-" "Mozilla/5.0 (X11; Linux x86_64) AppleWebKit/537.36 (KHTML, like Gecko) Chrome/81.0.4044.129 Safari/537.36"
199.117.154.162 - - [16/Jan/2022:01:14:07 -0500] "POST / HTTP/1.1" 200 679 "-" "Mozilla/5.0 (X11; Linux x86_64) AppleWebKit/537.36 (KHTML, like Gecko) Chrome/81.0.4044.129 Safari/537.36"
184.105.139.67 - - [16/Jan/2022:01:14:20 -0500] "GET / HTTP/1.1" 200 963 "-" "-"
167.248.133.58 - - [16/Jan/2022:01:15:28 -0500] "GET / HTTP/1.1" 200 963 "-" "-"
167.248.133.58 - - [16/Jan/2022:01:15:28 -0500] "GET / HTTP/1.1" 200 623 "-" "Mozilla/5.0 (compatible; CensysInspect/1.1; +https://about.censys.io/)"
184.105.247.196 - - [16/Jan/2022:01:35:30 -0500] "GET / HTTP/1.1" 200 963 "-" "-"
107.189.5.125 - - [16/Jan/2022:01:46:35 -0500] "GET / HTTP/1.1" 200 963 "-" "-"
106.75.229.12 - - [16/Jan/2022:02:03:14 -0500] "GET / HTTP/1.0" 200 6126 "-" "-"
132.145.39.16 - - [16/Jan/2022:02:04:33 -0500] "GET /.env HTTP/1.1" 404 493 "-" "Mozilla/5.0 (X11; Linux x86_64) AppleWebKit/537.36 (KHTML, like Gecko) Chrome/81.0.4044.129 Safari/537.36"
132.145.39.16 - - [16/Jan/2022:02:04:33 -0500] "POST / HTTP/1.1" 200 679 "-" "Mozilla/5.0 (X11; Linux x86_64) AppleWebKit/537.36 (KHTML, like Gecko) Chrome/81.0.4044.129 Safari/537.36"
132.145.39.16 - - [16/Jan/2022:02:04:33 -0500] "GET /vendor/.env HTTP/1.1" 404 493 "-" "Mozilla/5.0 (X11; Linux x86_64) AppleWebKit/537.36 (KHTML, like Gecko) Chrome/81.0.4044.129 Safari/537.36"
132.145.39.16 - - [16/Jan/2022:02:04:33 -0500] "POST / HTTP/1.1" 200 579 "-" "Mozilla/5.0 (X11; Linux x86_64) AppleWebKit/537.36 (KHTML, like Gecko) Chrome/81.0.4044.129 Safari/537.36"
132.145.39.16 - - [16/Jan/2022:02:04:35 -0500] "GET /public/.env HTTP/1.1" 404 493 "-" "Mozilla/5.0 (X11; Linux x86_64) AppleWebKit/537.36 (KHTML, like Gecko) Chrome/81.0.4044.129 Safari/537.36"
132.145.39.16 - - [16/Jan/2022:02:04:35 -0500] "POST / HTTP/1.1" 200 679 "-" "Mozilla/5.0 (X11; Linux x86_64) AppleWebKit/537.36 (KHTML, like Gecko) Chrome/81.0.4044.129 Safari/537.36"
157.230.216.203 - - [16/Jan/2022:02:33:18 -0500] "GET /ab2g HTTP/1.1" 400 498 "-" "-"
157.230.216.203 - - [16/Jan/2022:02:33:18 -0500] "GET /ab2h HTTP/1.1" 400 498 "-" "-"
185.196.220.54 - - [16/Jan/2022:02:58:18 -0500] "POST /boaform/admin/formLogin HTTP/1.1" 404 493 "http://216.93.146.231:80/admin/login.asp" "Mozilla/5.0 (Windows NT 10.0; Win64; x64) Gecko/20100101 Firefox/71.0"
45.146.165.37 - - [16/Jan/2022:02:58:36 -0500] "POST /cgi-bin/.%2e/.%2e/.%2e/.%2e/bin/sh HTTP/1.1" 400 5633 "-" "Mozilla/5.0 (Windows NT 10.0; Win64; x64) AppleWebKit/537.36 (KHTML, like Gecko) Chrome/78.0.3904.108 Safari/537.36"
193.3.19.72 - - [16/Jan/2022:02:58:48 -0500] "POST /cgi-bin/index2.asp HTTP/1.1" 404 493 "http://216.93.146.231:80/cgi-bin/index2.asp" "Mozilla/5.0 (Windows NT 10.0; Win64; x64) AppleWebKit/537.36 (KHTML, like Gecko) Chrome/93.0.4577.63 Safari/537.36 Edg/93.0.961.44"
45.146.165.37 - - [16/Jan/2022:03:28:49 -0500] "POST /cgi-bin/.%2e/.%2e/.%2e/.%2e/bin/sh HTTP/1.1" 400 5633 "-" "Mozilla/5.0 (Windows NT 10.0; Win64; x64) AppleWebKit/537.36 (KHTML, like Gecko) Chrome/78.0.3904.108 Safari/537.36"
107.189.1.53 - - [16/Jan/2022:03:37:48 -0500] "GET / HTTP/1.1" 200 963 "-" "-"
222.186.59.201 - - [16/Jan/2022:03:49:33 -0500] "\x16\x03\x01" 400 498 "-" "-"
222.186.59.201 - - [16/Jan/2022:03:55:09 -0500] "\x16\x03\x01" 400 498 "-" "-"
45.146.165.37 - - [16/Jan/2022:04:13:04 -0500] "GET / HTTP/1.1" 200 5786 "-" "Mozilla/5.0 (Windows NT 10.0; Win64; x64) AppleWebKit/537.36 (KHTML, like Gecko) Chrome/78.0.3904.108 Safari/537.36"
107.189.5.125 - - [16/Jan/2022:04:13:53 -0500] "GET / HTTP/1.1" 200 963 "-" "-"
107.189.12.178 - - [16/Jan/2022:04:15:58 -0500] "GET / HTTP/1.1" 200 963 "-" "-"
45.146.165.37 - - [16/Jan/2022:04:16:11 -0500] "GET / HTTP/1.1" 200 5786 "-" "Mozilla/5.0 (Windows NT 10.0; Win64; x64) AppleWebKit/537.36 (KHTML, like Gecko) Chrome/78.0.3904.108 Safari/537.36"
193.3.19.72 - - [16/Jan/2022:04:47:43 -0500] "POST /cgi-bin/index2.asp HTTP/1.1" 404 493 "http://216.93.159.186:80/cgi-bin/index2.asp" "Mozilla/5.0 (Windows NT 10.0; Win64; x64) AppleWebKit/537.36 (KHTML, like Gecko) Chrome/93.0.4577.63 Safari/537.36 Edg/93.0.961.44"
209.141.54.110 - - [16/Jan/2022:04:49:24 -0500] "POST /boaform/admin/formLogin HTTP/1.1" 404 493 "http://216.93.146.231:80/admin/login.asp" "Mozilla/5.0 (X11; Ubuntu; Linux x86_64; rv:71.0) Gecko/20100101 Firefox/71.0"
189.127.145.134 - - [16/Jan/2022:04:56:29 -0500] "GET / HTTP/1.1" 200 963 "-" "Mozilla/5.0 (Macintosh; Intel Mac OS X 10_11_6) AppleWebKit/601.7.7 (KHTML, like Gecko) Version/9.1.2 Safari/601.7.7"
164.92.226.82 - - [16/Jan/2022:05:21:14 -0500] "GET / HTTP/1.1" 200 5179 "-" "Mozilla/5.0 (Macintosh; Intel Mac OS X 10_14_6) Project-Resonance (http://project-resonance.com/) (KHTML, like Gecko) Chrome/83.0.4103.61 Safari/537.36"
107.189.14.205 - - [16/Jan/2022:05:22:51 -0500] "GET / HTTP/1.1" 200 963 "-" "-"
157.245.70.127 - - [16/Jan/2022:05:24:51 -0500] "GET /ab2g HTTP/1.1" 400 498 "-" "-"
157.245.70.127 - - [16/Jan/2022:05:24:51 -0500] "GET /ab2h HTTP/1.1" 400 498 "-" "-"
115.48.163.195 - - [16/Jan/2022:05:32:29 -0500] "GET /boaform/admin/formLogin?username=admin&psd=admin HTTP/1.0" 404 466 "-" "-"
192.241.206.147 - - [16/Jan/2022:05:39:49 -0500] "GET /ecp/Current/exporttool/microsoft.exchange.ediscovery.exporttool.application HTTP/1.1" 404 4994 "-" "Mozilla/5.0 zgrab/0.x"
192.241.206.147 - - [16/Jan/2022:05:40:22 -0500] "GET /ecp/Current/exporttool/microsoft.exchange.ediscovery.exporttool.application HTTP/1.1" 404 4994 "-" "Mozilla/5.0 zgrab/0.x"
209.141.54.110 - - [16/Jan/2022:05:44:50 -0500] "POST /boaform/admin/formLogin HTTP/1.1" 404 493 "http://216.93.159.186:80/admin/login.asp" "Mozilla/5.0 (X11; Ubuntu; Linux x86_64; rv:71.0) Gecko/20100101 Firefox/71.0"
64.225.72.42 - - [16/Jan/2022:05:56:37 -0500] "GET / HTTP/1.1" 200 642 "-" "Mozilla/5.0 (compatible; InternetMeasurement/1.0; +https://internet-measurement.com/)"
192.241.219.56 - - [16/Jan/2022:06:01:24 -0500] "GET /owa/auth/logon.aspx?url=https%3a%2f%2f1%2fecp%2f HTTP/1.1" 404 4994 "-" "Mozilla/5.0 zgrab/0.x"
160.116.22.20 - - [16/Jan/2022:06:04:28 -0500] "GET / HTTP/1.0" 200 982 "-" "-"
160.116.22.20 - - [16/Jan/2022:06:04:37 -0500] "GET /favicon.ico HTTP/1.1" 404 437 "-" "Mozilla/5.0 (X11; Linux x86_64) AppleWebKit/537.36 (KHTML, like Gecko) Chrome/86.0.4 240.111 Safari/537.36"
160.116.22.20 - - [16/Jan/2022:06:04:38 -0500] "GET /robots.txt HTTP/1.1" 404 437 "-" "Mozilla/5.0 (X11; Linux x86_64) AppleWebKit/537.36 (KHTML, like Gecko) Chrome/86.0.4 240.111 Safari/537.36"
160.116.22.20 - - [16/Jan/2022:06:04:39 -0500] "GET /.well-known/security.txt HTTP/1.1" 404 437 "-" "Mozilla/5.0 (X11; Linux x86_64) AppleWebKit/537.36 (KHTML, like Gecko) Chrome/86.0.4 240.111 Safari/537.36"
160.116.22.20 - - [16/Jan/2022:06:04:58 -0500] "GET / HTTP/1.0" 200 982 "-" "-"
160.116.22.20 - - [16/Jan/2022:06:05:24 -0500] "GET /favicon.ico/ HTTP/1.1" 404 437 "-" "Mozilla/5.0 (X11; Linux x86_64) AppleWebKit/537.36 (KHTML, like Gecko) Chrome/86.0.4 240.111 Safari/537.36"
160.116.22.20 - - [16/Jan/2022:06:05:24 -0500] "GET /robots.txt HTTP/1.1" 404 437 "-" "Mozilla/5.0 (X11; Linux x86_64) AppleWebKit/537.36 (KHTML, like Gecko) Chrome/86.0.4 240.111 Safari/537.36"
160.116.22.20 - - [16/Jan/2022:06:05:25 -0500] "GET /.well-known/security.txt HTTP/1.1" 404 437 "-" "Mozilla/5.0 (X11; Linux x86_64) AppleWebKit/537.36 (KHTML, like Gecko) Chrome/86.0.4 240.111 Safari/537.36"
107.189.5.125 - - [16/Jan/2022:06:31:30 -0500] "GET / HTTP/1.1" 200 963 "-" "-"
164.92.229.248 - - [16/Jan/2022:06:47:27 -0500] "GET / HTTP/1.1" 200 5179 "-" "Mozilla/5.0 (Macintosh; Intel Mac OS X 10_14_6) Project-Resonance (http://project-resonance.com/) (KHTML, like Gecko) Chrome/83.0.4103.61 Safari/537.36"
13.68.132.154 - - [16/Jan/2022:06:57:37 -0500] "GET /.env HTTP/1.1" 404 493 "-" "Mozilla/5.0 (Linux; U; Android 4.4.2; en-US; HM NOTE 1W Build/KOT49H) AppleWebKit/534.30 (KHTML, like Gecko) Version/4.0 UCBrowser/11.0.5.850 U3/0.8.0 Mobile Safari/534.30"
13.68.132.154 - - [16/Jan/2022:06:57:37 -0500] "POST / HTTP/1.1" 200 679 "-" "Mozilla/5.0 (Linux; U; Android 4.4.2; en-US; HM NOTE 1W Build/KOT49H) AppleWebKit/534.30 (KHTML, like Gecko) Version/4.0 UCBrowser/11.0.5.850 U3/0.8.0 Mobile Safari/534.30"
13.68.132.154 - - [16/Jan/2022:06:57:37 -0500] "GET /.env HTTP/1.1" 404 5685 "-" "Mozilla/5.0 (Linux; U; Android 4.4.2; en-US; HM NOTE 1W Build/KOT49H) AppleWebKit/534.30 (KHTML, like Gecko) Version/4.0 UCBrowser/11.0.5.850 U3/0.8.0 Mobile Safari/534.30"
13.68.132.154 - - [16/Jan/2022:06:57:37 -0500] "POST / HTTP/1.1" 200 5870 "-" "Mozilla/5.0 (Linux; U; Android 4.4.2; en-US; HM NOTE 1W Build/KOT49H) AppleWebKit/534.30 (KHTML, like Gecko) Version/4.0 UCBrowser/11.0.5.850 U3/0.8.0 Mobile Safari/534.30"
13.68.132.154 - - [16/Jan/2022:06:58:02 -0500] "GET /.env HTTP/1.1" 404 493 "-" "Mozilla/5.0 (Linux; U; Android 4.4.2; en-US; HM NOTE 1W Build/KOT49H) AppleWebKit/534.30 (KHTML, like Gecko) Version/4.0 UCBrowser/11.0.5.850 U3/0.8.0 Mobile Safari/534.30"
13.68.132.154 - - [16/Jan/2022:06:58:02 -0500] "POST / HTTP/1.1" 200 679 "-" "Mozilla/5.0 (Linux; U; Android 4.4.2; en-US; HM NOTE 1W Build/KOT49H) AppleWebKit/534.30 (KHTML, like Gecko) Version/4.0 UCBrowser/11.0.5.850 U3/0.8.0 Mobile Safari/534.30"
13.68.132.154 - - [16/Jan/2022:06:58:02 -0500] "GET /.env HTTP/1.1" 404 5685 "-" "Mozilla/5.0 (Linux; U; Android 4.4.2; en-US; HM NOTE 1W Build/KOT49H) AppleWebKit/534.30 (KHTML, like Gecko) Version/4.0 UCBrowser/11.0.5.850 U3/0.8.0 Mobile Safari/534.30"
13.68.132.154 - - [16/Jan/2022:06:58:02 -0500] "POST / HTTP/1.1" 200 5870 "-" "Mozilla/5.0 (Linux; U; Android 4.4.2; en-US; HM NOTE 1W Build/KOT49H) AppleWebKit/534.30 (KHTML, like Gecko) Version/4.0 UCBrowser/11.0.5.850 U3/0.8.0 Mobile Safari/534.30"
64.62.197.2 - - [16/Jan/2022:07:01:19 -0500] "GET / HTTP/1.1" 200 5519 "-" "-"
185.196.242.232 - - [16/Jan/2022:07:15:31 -0500] "GET /phpmyadmin/ HTTP/1.1" 404 493 "-" "Mozilla/5.0 (Windows NT 10.0; WOW64) AppleWebKit/537.36 (KHTML, like Gecko) Chrome/51.0.2704.103 Safari/537.36"
184.105.139.69 - - [16/Jan/2022:07:34:34 -0500] "GET / HTTP/1.1" 200 5519 "-" "-"
162.142.125.59 - - [16/Jan/2022:07:36:30 -0500] "GET / HTTP/1.1" 200 6107 "-" "-"
162.142.125.59 - - [16/Jan/2022:07:36:30 -0500] "GET / HTTP/1.1" 200 5767 "-" "Mozilla/5.0 (compatible; CensysInspect/1.1; +https://about.censys.io/)"
178.141.254.170 - - [16/Jan/2022:07:51:08 -0500] "GET / HTTP/1.1" 200 963 "-" "Mozilla/5.0 (Windows NT 10.0; WOW64) AppleWebKit/537.36 (KHTML, like Gecko) Chrome/52.0.2743.116 Safari/537.36"
87.251.75.145 - - [16/Jan/2022:07:53:58 -0500] "\x03" 400 498 "-" "-"
45.146.165.37 - - [16/Jan/2022:08:10:04 -0500] "GET /solr/admin/info/system?wt=json HTTP/1.1" 404 456 "-" "Mozilla/5.0 (Windows NT 10.0; Win64; x64) AppleWebKit/537.36 (KHTML, like Gecko) Chrome/78.0.3904.108 Safari/537.36"
45.146.165.37 - - [16/Jan/2022:08:28:19 -0500] "GET /solr/admin/info/system?wt=json HTTP/1.1" 404 456 "-" "Mozilla/5.0 (Windows NT 10.0; Win64; x64) AppleWebKit/537.36 (KHTML, like Gecko) Chrome/78.0.3904.108 Safari/537.36"
91.207.185.90 - - [16/Jan/2022:08:53:39 -0500] "GET / HTTP/1.1" 200 963 "-" "Mozilla/5.0 (Macintosh; Intel Mac OS X 10_11_6) AppleWebKit/601.7.7 (KHTML, like Gecko) Version/9.1.2 Safari/601.7.7"
109.237.103.118 - - [16/Jan/2022:09:07:31 -0500] "GET / HTTP/1.0" 400 630 "-" "-"
109.237.103.118 - - [16/Jan/2022:09:07:32 -0500] "GET /.env HTTP/1.1" 404 5638 "-" "Mozilla/5.0 (X11; Linux x86_64) AppleWebKit/537.36 (KHTML, like Gecko) Chrome/81.0.4044.129 Safari/537.36"
107.189.12.178 - - [16/Jan/2022:09:08:52 -0500] "GET / HTTP/1.1" 200 963 "-" "-"
31.192.144.6 - - [16/Jan/2022:09:14:05 -0500] "GET / HTTP/1.1" 200 963 "-" "Mozilla/5.0 (Windows NT 10.0; WOW64) AppleWebKit/537.36 (KHTML, like Gecko) Chrome/51.0.2704.103 Safari/537.36"
125.64.94.221 - - [16/Jan/2022:09:18:00 -0500] "\\x01\\x00\\x00\\x00 \\xbf\\x02\\x00\\x88\\x13\\x00\\x00\\x87\\x00\\x00\\x00NIMABIJIAN\\x04\\x03\\x00\\x00{\\x99Caig\\x9c\\x03\\xc7eB\\xc5\\t\\xc1\\x18a\\x11\\x1a\\x91\\x1f\\x02\\tcof\\x91\\xc0\\x80sJ5\\xd2\\x80\\xe6\\x9a~\\xb9\\xc7\\x83^\\x96\\xeeN\\x16\\x96\\x96&\\xe6\\x03\\xea\\xbc\\x81\\x02=\\xac\\x10\\xfa?7\\x03\\xc3\\xdf\\xf7\\xe4\\x98`p\\xe6\\x8d\\xc1\\xa9\\x8d\\xc6\\x06\\xdb\\xaf\\x91\\xe7\\x82s\\xf7\\x14H\\xd4\\xe1W\\x9a\\x93C\\x9e]\\xa4\\x01#\\x03#\\x03]\\x03c]CC\\x05C\\x03+S\\x03b\\xf4\\x00\\x00/\\x9e\\x16E\n" 400 498 "-" "-"
125.64.94.221 - - [16/Jan/2022:09:18:01 -0500] "GET / HTTP/1.1" 200 623 "-" "Mozilla/5.0 (X11; Linux x86_64) AppleWebKit/537.36 (KHTML, like Gecko) Chrome/86.0.4 240.111 Safari/537.36"
125.64.94.221 - - [16/Jan/2022:09:18:01 -0500] "\x16\x03\x01" 400 498 "-" "-"
125.64.94.221 - - [16/Jan/2022:09:18:02 -0500] "\x16\x03\x01" 400 498 "-" "-"
125.64.94.221 - - [16/Jan/2022:09:18:03 -0500] "GET /favicon.ico HTTP/1.1" 404 437 "-" "Mozilla/5.0 (X11; Linux x86_64) AppleWebKit/537.36 (KHTML, like Gecko) Chrome/86.0.4 240.111 Safari/537.36"
125.64.94.221 - - [16/Jan/2022:09:18:03 -0500] "GET /robots.txt HTTP/1.1" 404 437 "-" "Mozilla/5.0 (X11; Linux x86_64) AppleWebKit/537.36 (KHTML, like Gecko) Chrome/86.0.4 240.111 Safari/537.36"
125.64.94.221 - - [16/Jan/2022:09:18:04 -0500] "GET /.well-known/security.txt HTTP/1.1" 404 437 "-" "Mozilla/5.0 (X11; Linux x86_64) AppleWebKit/537.36 (KHTML, like Gecko) Chrome/86.0.4 240.111 Safari/537.36"
87.251.75.145 - - [16/Jan/2022:09:29:02 -0500] "\x03" 400 498 "-" "-"
61.219.11.151 - - [16/Jan/2022:09:34:34 -0500] "GET / HTTP/1.1" 400 498 "-" "-"
35.195.93.98 - - [16/Jan/2022:09:35:52 -0500] "GET / HTTP/1.1" 200 5250 "-" "python-requests/2.27.1"
18.193.79.62 - - [16/Jan/2022:09:51:54 -0500] "GET / HTTP/1.1" 200 623 "-" "Go-http-client/1.1"
18.193.79.62 - - [16/Jan/2022:09:51:55 -0500] "GET /.git HTTP/1.1" 404 437 "-" "Go-http-client/1.1"
45.146.165.37 - - [16/Jan/2022:10:00:02 -0500] "GET /?XDEBUG_SESSION_START=phpstorm HTTP/1.1" 200 642 "-" "Mozilla/5.0 (Windows NT 10.0; Win64; x64) AppleWebKit/537.36 (KHTML, like Gecko) Chrome/78.0.3904.108 Safari/537.36"
167.71.223.63 - - [16/Jan/2022:10:07:44 -0500] "GET / HTTP/1.0" 200 982 "-" "-"
45.146.165.37 - - [16/Jan/2022:10:08:53 -0500] "GET /console/ HTTP/1.1" 404 456 "-" "Mozilla/5.0 (Windows NT 10.0; Win64; x64) AppleWebKit/537.36 (KHTML, like Gecko) Chrome/78.0.3904.108 Safari/537.36"
136.144.41.117 - - [16/Jan/2022:10:40:02 -0500] "GET / HTTP/1.1" 200 642 "-" "Linux Gnu (cow)"
193.118.53.194 - - [16/Jan/2022:10:56:20 -0500] "GET / HTTP/1.1" 200 623 "-" "Mozilla/5.0 (Windows NT 10.0; Win64; x64) AppleWebKit/537.36 (KHTML, like Gecko) Chrome/60.0.3112.113 Safari/537.36"
45.146.165.37 - - [16/Jan/2022:11:16:54 -0500] "GET /_ignition/execute-solution HTTP/1.1" 404 456 "-" "Mozilla/5.0 (Windows NT 10.0; Win64; x64) AppleWebKit/537.36 (KHTML, like Gecko) Chrome/78.0.3904.108 Safari/537.36"
45.146.165.37 - - [16/Jan/2022:11:17:22 -0500] "GET /_ignition/execute-solution HTTP/1.1" 404 456 "-" "Mozilla/5.0 (Windows NT 10.0; Win64; x64) AppleWebKit/537.36 (KHTML, like Gecko) Chrome/78.0.3904.108 Safari/537.36"
128.1.248.26 - - [16/Jan/2022:11:22:09 -0500] "GET / HTTP/1.1" 200 623 "-" "Mozilla/5.0 (Windows NT 10.0; Win64; x64) AppleWebKit/537.36 (KHTML, like Gecko) Chrome/60.0.3112.113 Safari/537.36"
186.33.72.63 - - [16/Jan/2022:11:27:32 -0500] "GET / HTTP/1.1" 200 963 "-" "Mozilla/5.0 (Macintosh; Intel Mac OS X 10_11_6) AppleWebKit/601.7.7 (KHTML, like Gecko) Version/9.1.2 Safari/601.7.7"
186.33.72.63 - - [16/Jan/2022:11:27:32 -0500] "GET / HTTP/1.1" 200 963 "-" "Mozilla/5.0 (Windows NT 6.1; WOW64) AppleWebKit/537.36 (KHTML, like Gecko) Chrome/51.0.2704.103 Safari/537.36"
109.237.103.118 - - [16/Jan/2022:11:30:03 -0500] "GET / HTTP/1.0" 400 630 "-" "-"
109.237.103.118 - - [16/Jan/2022:11:30:03 -0500] "GET /.env HTTP/1.1" 404 5638 "-" "Mozilla/5.0 (X11; Linux x86_64) AppleWebKit/537.36 (KHTML, like Gecko) Chrome/81.0.4044.129 Safari/537.36"
45.146.165.37 - - [16/Jan/2022:11:54:22 -0500] "GET / HTTP/1.1" 200 642 "-" "Mozilla/5.0 (Windows NT 10.0; Win64; x64) AppleWebKit/537.36 (KHTML, like Gecko) Chrome/78.0.3904.108 Safari/537.36"
167.94.138.116 - - [16/Jan/2022:12:17:44 -0500] "GET / HTTP/1.1" 200 623 "-" "Mozilla/5.0 (compatible; CensysInspect/1.1; +https://about.censys.io/)"
35.195.93.98 - - [16/Jan/2022:12:19:32 -0500] "GET / HTTP/1.1" 200 679 "-" "python-requests/2.27.1"
66.240.219.173 - - [16/Jan/2022:12:20:18 -0500] "GET / HTTP/1.1" 200 5698 "-" "Mozilla/5.0 (X11; Linux x86_64) AppleWebKit/537.36 (KHTML, like Gecko) Chrome/34.0.1847.137 Safari/537.36"
66.240.219.173 - - [16/Jan/2022:12:21:03 -0500] "\n" 400 5230 "-" "-"
66.240.219.173 - - [16/Jan/2022:12:21:06 -0500] "\n" 400 5639 "-" "-"
66.240.219.173 - - [16/Jan/2022:12:21:07 -0500] "\n" 400 5230 "-" "-"
66.240.219.173 - - [16/Jan/2022:12:21:07 -0500] "\n" 400 5230 "-" "-"
66.240.219.173 - - [16/Jan/2022:12:21:12 -0500] "GET /robots.txt HTTP/1.1" 404 5180 "-" "-"
66.240.219.173 - - [16/Jan/2022:12:21:16 -0500] "GET /sitemap.xml HTTP/1.1" 404 5180 "-" "-"
66.240.219.173 - - [16/Jan/2022:12:21:17 -0500] "GET /.well-known/security.txt HTTP/1.1" 404 5180 "-" "-"
66.240.219.173 - - [16/Jan/2022:12:21:19 -0500] "GET /favicon.ico HTTP/1.1" 404 5236 "-" "Mozilla/5.0 (Macintosh; Intel Mac OS X 10.15; rv:80.0) Gecko/20100101 Firefox/80.0"
66.240.219.173 - - [16/Jan/2022:12:21:21 -0500] "\n" 400 5672 "-" "-"
130.211.54.158 - - [16/Jan/2022:12:22:13 -0500] "GET / HTTP/1.0" 400 630 "-" "-"
54.204.80.40 - - [16/Jan/2022:12:24:17 -0500] "GET /.git/HEAD HTTP/1.1" 404 5601 "-" "Python-urllib/3.6"
54.204.80.40 - - [16/Jan/2022:12:24:18 -0500] "GET /.git/HEAD HTTP/1.1" 404 5601 "-" "Python-urllib/3.6"
162.142.125.58 - - [16/Jan/2022:12:26:37 -0500] "GET / HTTP/1.1" 200 6107 "-" "-"
162.142.125.58 - - [16/Jan/2022:12:26:37 -0500] "GET / HTTP/1.1" 200 5767 "-" "Mozilla/5.0 (compatible; CensysInspect/1.1; +https://about.censys.io/)"
45.146.165.37 - - [16/Jan/2022:12:38:34 -0500] "GET / HTTP/1.1" 200 642 "-" "Mozilla/5.0 (Windows NT 10.0; Win64; x64) AppleWebKit/537.36 (KHTML, like Gecko) Chrome/78.0.3904.108 Safari/537.36"
45.146.165.37 - - [16/Jan/2022:12:55:44 -0500] "GET / HTTP/1.1" 200 642 "-" "Mozilla/5.0 (Windows NT 10.0; Win64; x64) AppleWebKit/537.36 (KHTML, like Gecko) Chrome/78.0.3904.108 Safari/537.36"
54.204.80.40 - - [16/Jan/2022:13:06:28 -0500] "GET /.git/HEAD HTTP/1.1" 404 456 "-" "Python-urllib/3.6"
54.204.80.40 - - [16/Jan/2022:13:06:28 -0500] "GET /.git/HEAD HTTP/1.1" 404 456 "-" "Python-urllib/3.6"
107.189.5.125 - - [16/Jan/2022:13:11:20 -0500] "GET / HTTP/1.1" 200 963 "-" "-"
130.211.54.158 - - [16/Jan/2022:13:16:53 -0500] "GET / HTTP/1.1" 200 679 "-" "python-requests/2.27.1"
181.44.75.4 - - [16/Jan/2022:13:34:39 -0500] "GET / HTTP/1.1" 200 963 "-" "Mozilla/5.0 (Macintosh; Intel Mac OS X 10_11_6) AppleWebKit/601.7.7 (KHTML, like Gecko) Version/9.1.2 Safari/601.7.7"
45.146.165.37 - - [16/Jan/2022:14:09:37 -0500] "POST /vendor/phpunit/phpunit/src/Util/PHP/eval-stdin.php HTTP/1.1" 404 5601 "-" "Mozilla/5.0 (Windows NT 10.0; Win64; x64) AppleWebKit/537.36 (KHTML, like Gecko) Chrome/78.0.3904.108 Safari/537.36"
143.110.223.50 - - [16/Jan/2022:14:09:53 -0500] "\x16\x03\x01\x01\xfd\x01" 400 498 "-" "-"
45.146.165.37 - - [16/Jan/2022:14:12:17 -0500] "POST /vendor/phpunit/phpunit/src/Util/PHP/eval-stdin.php HTTP/1.1" 404 5601 "-" "Mozilla/5.0 (Windows NT 10.0; Win64; x64) AppleWebKit/537.36 (KHTML, like Gecko) Chrome/78.0.3904.108 Safari/537.36"
61.219.11.151 - - [16/Jan/2022:14:12:53 -0500] "GET / HTTP/1.1" 400 498 "-" "-"
143.110.223.50 - - [16/Jan/2022:14:13:04 -0500] "\x16\x03\x01\x01\xfd\x01" 400 498 "-" "-"
192.241.216.168 - - [16/Jan/2022:14:24:16 -0500] "GET /actuator/health HTTP/1.1" 404 4994 "-" "Mozilla/5.0 zgrab/0.x"
192.241.216.168 - - [16/Jan/2022:14:24:22 -0500] "GET /actuator/health HTTP/1.1" 404 4994 "-" "Mozilla/5.0 zgrab/0.x"
194.163.163.20 - - [16/Jan/2022:14:26:17 -0500] "GET /..%252F..%252F..%252F..%252F..%252F..%252F..%252F..%252F..%252F..%252F..%252Fetc%252Fpasswd%23foo/development HTTP/1.1" 404 5675 "-" "httpx - Open-source project (github.com/projectdiscovery/httpx)"
107.189.28.51 - - [16/Jan/2022:14:47:37 -0500] "GET / HTTP/1.1" 200 963 "-" "-"
61.219.11.151 - - [16/Jan/2022:14:48:16 -0500] "GET / HTTP/1.0" 400 630 "-" "-"
93.160.62.190 - - [16/Jan/2022:14:54:47 -0500] "GET /.env HTTP/1.1" 404 493 "-" "Mozilla/5.0 (X11; Linux x86_64) AppleWebKit/537.36 (KHTML, like Gecko) Chrome/81.0.4044.129 Safari/537.36"
93.160.62.190 - - [16/Jan/2022:14:54:48 -0500] "POST / HTTP/1.1" 200 679 "-" "Mozilla/5.0 (X11; Linux x86_64) AppleWebKit/537.36 (KHTML, like Gecko) Chrome/81.0.4044.129 Safari/537.36"
125.64.94.221 - - [16/Jan/2022:14:59:37 -0500] "GET / HTTP/1.0" 200 982 "-" "-"
125.64.94.221 - - [16/Jan/2022:14:59:37 -0500] "GET / HTTP/1.0" 200 982 "-" "-"
125.64.94.221 - - [16/Jan/2022:14:59:38 -0500] "GET /favicon.ico HTTP/1.1" 404 437 "-" "Mozilla/5.0 (X11; Linux x86_64) AppleWebKit/537.36 (KHTML, like Gecko) Chrome/86.0.4 240.111 Safari/537.36"
125.64.94.221 - - [16/Jan/2022:14:59:38 -0500] "GET /robots.txt HTTP/1.1" 404 437 "-" "Mozilla/5.0 (X11; Linux x86_64) AppleWebKit/537.36 (KHTML, like Gecko) Chrome/86.0.4 240.111 Safari/537.36"
125.64.94.221 - - [16/Jan/2022:14:59:40 -0500] "GET /.well-known/security.txt HTTP/1.1" 404 437 "-" "Mozilla/5.0 (X11; Linux x86_64) AppleWebKit/537.36 (KHTML, like Gecko) Chrome/86.0.4 240.111 Safari/537.36"
125.64.94.221 - - [16/Jan/2022:15:00:03 -0500] "GET /favicon.ico/ HTTP/1.1" 404 437 "-" "Mozilla/5.0 (X11; Linux x86_64) AppleWebKit/537.36 (KHTML, like Gecko) Chrome/86.0.4 240.111 Safari/537.36"
125.64.94.221 - - [16/Jan/2022:15:00:29 -0500] "GET /robots.txt/ HTTP/1.1" 404 437 "-" "Mozilla/5.0 (X11; Linux x86_64) AppleWebKit/537.36 (KHTML, like Gecko) Chrome/86.0.4 240.111 Safari/537.36"
125.64.94.221 - - [16/Jan/2022:15:00:29 -0500] "GET /.well-known/security.txt HTTP/1.1" 404 437 "-" "Mozilla/5.0 (X11; Linux x86_64) AppleWebKit/537.36 (KHTML, like Gecko) Chrome/86.0.4 240.111 Safari/537.36"
5.189.155.45 - - [16/Jan/2022:15:07:45 -0500] "CONNECT proxy.shoreline.cf:443 HTTP/1.1" 405 528 "-" "-"
163.172.102.84 - - [16/Jan/2022:15:11:14 -0500] "GET / HTTP/1.1" 200 963 "-" "-"
163.172.102.84 - - [16/Jan/2022:15:11:14 -0500] "GET /.vscode/sftp.json HTTP/1.1" 404 437 "-" "-"
163.172.102.84 - - [16/Jan/2022:15:11:14 -0500] "GET /api/.vscode/sftp.json HTTP/1.1" 404 437 "-" "-"
163.172.102.84 - - [16/Jan/2022:15:11:14 -0500] "GET /admin/.vscode/sftp.json HTTP/1.1" 404 437 "-" "-"
163.172.102.84 - - [16/Jan/2022:15:11:14 -0500] "GET /admin/.vscode/sftp.json HTTP/1.1" 404 437 "-" "-"
107.189.1.53 - - [16/Jan/2022:15:42:28 -0500] "GET / HTTP/1.1" 200 963 "-" "-"
45.146.165.37 - - [16/Jan/2022:15:43:44 -0500] "GET /index.php?s=/Index/\\think\\app/invokefunction&function=call_user_func_array&vars[0]=md5&vars[1][]=HelloThinkPHP21 HTTP/1.1" 404 5601 "-" "Mozilla/5.0 (Windows NT 10.0; Win64; x64) AppleWebKit/537.36 (KHTML, like Gecko) Chrome/78.0.3904.108 Safari/537.36"
61.219.11.151 - - [16/Jan/2022:15:51:16 -0500] "GET / HTTP/1.0" 400 630 "-" "-"
107.189.14.205 - - [16/Jan/2022:15:57:24 -0500] "GET / HTTP/1.1" 200 963 "-" "-"
167.94.138.58 - - [16/Jan/2022:16:13:44 -0500] "GET / HTTP/1.1" 200 6107 "-" "-"
167.94.138.58 - - [16/Jan/2022:16:13:44 -0500] "GET / HTTP/1.1" 200 5767 "-" "Mozilla/5.0 (compatible; CensysInspect/1.1; +https://about.censys.io/)"
167.99.133.28 - - [16/Jan/2022:16:15:36 -0500] "GET / HTTP/1.1" 400 5639 "-" "-"
167.99.133.28 - - [16/Jan/2022:16:16:07 -0500] "GET / HTTP/1.1" 200 6126 "-" "l9tcpid/v1.1.0"
167.99.133.28 - - [16/Jan/2022:16:16:09 -0500] "GET /cgi-bin/.%2e/%2e%2e/%2e%2e/%2e%2e/%2e%2e/%2e%2e/%2e%2e/%2e%2e/%2e%2e/etc/hosts HTTP/1.1" 400 5633 "-" "Lkx-TraversalHttpPlugin/0.0.1 (+https://leakix.net/, +https://twitter.com/HaboubiAnis)"
167.99.133.28 - - [16/Jan/2022:16:16:10 -0500] "GET /.DS_Store HTTP/1.1" 404 5601 "-" "Go-http-client/1.1"
167.99.133.28 - - [16/Jan/2022:16:16:10 -0500] "GET /frontend_dev.php/$ HTTP/1.1" 404 5601 "-" "l9explore/1.3.0"
45.142.107.58 - - [16/Jan/2022:16:19:49 -0500] "CONNECT lenni0451.net:25565 HTTP/1.1" 405 506 "-" "-"
45.146.165.37 - - [16/Jan/2022:16:22:51 -0500] "GET /index.php?s=/Index/\\think\\app/invokefunction&function=call_user_func_array&vars[0]=md5&vars[1][]=HelloThinkPHP21 HTTP/1.1" 404 5601 "-" "Mozilla/5.0 (Windows NT 10.0; Win64; x64) AppleWebKit/537.36 (KHTML, like Gecko) Chrome/78.0.3904.108 Safari/537.36"
45.142.107.58 - - [16/Jan/2022:16:44:55 -0500] "CONNECT 45.142.107.17:4444 HTTP/1.1" 405 505 "-" "-"
45.146.165.37 - - [16/Jan/2022:16:48:36 -0500] "GET /?XDEBUG_SESSION_START=phpstorm HTTP/1.1" 200 5786 "-" "Mozilla/5.0 (Windows NT 10.0; Win64; x64) AppleWebKit/537.36 (KHTML, like Gecko) Chrome/78.0.3904.108 Safari/537.36"
5.167.32.151 - - [16/Jan/2022:17:09:49 -0500] "GET / HTTP/1.1" 200 963 "-" "Mozilla/5.0 (Windows NT 10.0; WOW64) AppleWebKit/537.36 (KHTML, like Gecko) Chrome/52.0.2743.116 Safari/537.36"
167.71.6.248 - - [16/Jan/2022:17:14:36 -0500] "GET / HTTP/1.1" 200 5786 "-" "Mozilla/5.0 (compatible; InternetMeasurement/1.0; +https://internet-measurement.com/)"
107.189.5.125 - - [16/Jan/2022:17:17:14 -0500] "GET / HTTP/1.1" 200 963 "-" "-"
45.142.107.58 - - [16/Jan/2022:17:20:11 -0500] "CONNECT 45.142.107.17:4444 HTTP/1.1" 405 505 "-" "-"
45.146.165.37 - - [16/Jan/2022:17:30:27 -0500] "GET /?XDEBUG_SESSION_START=phpstorm HTTP/1.1" 200 5786 "-" "Mozilla/5.0 (Windows NT 10.0; Win64; x64) AppleWebKit/537.36 (KHTML, like Gecko) Chrome/78.0.3904.108 Safari/537.36"
45.142.107.58 - - [16/Jan/2022:17:37:37 -0500] "CONNECT 45.142.107.17:4444 HTTP/1.1" 405 505 "-" "-"
183.136.226.3 - - [16/Jan/2022:17:40:59 -0500] "GET / HTTP/1.1" 200 5754 "-" "Mozilla/5.0 (Macintosh; Intel Mac OS X 10.11; rv:47.0) Gecko/20100101 Firefox/47.0"
183.136.226.3 - - [16/Jan/2022:17:41:26 -0500] "GET /favicon.ico HTTP/1.1" 404 5013 "-" "Mozilla/5.0 (Windows NT 6.1; WOW64) AppleWebKit/537.36 (KHTML, like Gecko) Chrome/63.0.3239.132 Safari/537.36 QIHU 360SE"
107.189.14.205 - - [16/Jan/2022:17:45:15 -0500] "GET / HTTP/1.1" 200 963 "-" "-"
209.141.54.110 - - [16/Jan/2022:17:56:21 -0500] "POST /boaform/admin/formLogin HTTP/1.1" 404 493 "http://216.93.159.186:80/admin/login.asp" "Mozilla/5.0 (X11; Ubuntu; Linux x86_64; rv:71.0) Gecko/20100101 Firefox/71.0"
45.146.165.37 - - [16/Jan/2022:18:08:17 -0500] "POST /mifs/.;/services/LogService HTTP/1.1" 404 5601 "https://216.93.159.186:443" "Mozilla/5.0 (Windows NT 10.0; Win64; x64) AppleWebKit/537.36 (KHTML, like Gecko) Chrome/78.0.3904.108 Safari/537.36"
107.189.14.205 - - [16/Jan/2022:18:12:15 -0500] "GET / HTTP/1.1" 200 963 "-" "-"
107.189.1.53 - - [16/Jan/2022:18:20:38 -0500] "GET / HTTP/1.1" 200 963 "-" "-"
107.189.28.51 - - [16/Jan/2022:18:21:54 -0500] "GET / HTTP/1.1" 200 963 "-" "-"
45.146.165.37 - - [16/Jan/2022:18:22:38 -0500] "POST /mifs/.;/services/LogService HTTP/1.1" 404 5601 "https://216.93.146.231:443" "Mozilla/5.0 (Windows NT 10.0; Win64; x64) AppleWebKit/537.36 (KHTML, like Gecko) Chrome/78.0.3904.108 Safari/537.36"
168.232.14.86 - - [16/Jan/2022:18:33:58 -0500] "GET / HTTP/1.1" 200 963 "-" "Mozilla/5.0 (Windows NT 10.0; WOW64) AppleWebKit/537.36 (KHTML, like Gecko) Chrome/52.0.2743.116 Safari/537.36"
45.146.165.37 - - [16/Jan/2022:18:45:29 -0500] "GET /console/ HTTP/1.1" 404 5601 "-" "Mozilla/5.0 (Windows NT 10.0; Win64; x64) AppleWebKit/537.36 (KHTML, like Gecko) Chrome/78.0.3904.108 Safari/537.36"
209.141.54.110 - - [16/Jan/2022:18:48:54 -0500] "POST /boaform/admin/formLogin HTTP/1.1" 404 493 "http://216.93.146.231:80/admin/login.asp" "Mozilla/5.0 (X11; Ubuntu; Linux x86_64; rv:71.0) Gecko/20100101 Firefox/71.0"
162.243.39.32 - - [16/Jan/2022:18:51:27 -0500] "GET / HTTP/1.1" 200 963 "-" "Mozilla/5.0 (Windows NT 10.0; WOW64) AppleWebKit/537.36 (KHTML, like Gecko) Chrome/51.0.2704.103 Safari/537.36"
185.104.240.188 - - [16/Jan/2022:19:01:30 -0500] "GET / HTTP/1.1" 200 963 "-" "Mozilla/5.0 (Windows NT 10.0; WOW64) AppleWebKit/537.36 (KHTML, like Gecko) Chrome/51.0.2704.103 Safari/537.36"
125.64.94.212 - - [16/Jan/2022:19:07:23 -0500] "\\x01\\x00\\x00\\x00 \\xbf\\x02\\x00\\x88\\x13\\x00\\x00\\x87\\x00\\x00\\x00NIMABIJIAN\\x04\\x03\\x00\\x00{\\x99Caig\\x9c\\x03\\xc7eB\\xc5\\t\\xc1\\x18a\\x11\\x1a\\x91\\x1f\\x02\\tcof\\x91\\xc0\\x80sJ5\\xd2\\x80\\xe6\\x9a~\\xb9\\xc7\\x83^\\x96\\xeeN\\x16\\x96\\x96&\\xe6\\x03\\xea\\xbc\\x81\\x02=\\xac\\x10\\xfa?7\\x03\\xc3\\xdf\\xf7\\xe4\\x98`p\\xe6\\x8d\\xc1\\xa9\\x8d\\xc6\\x06\\xdb\\xaf\\x91\\xe7\\x82s\\xf7\\x14H\\xd4\\xe1W\\x9a\\x93C\\x9e]\\xa4\\x01#\\x03#\\x03]\\x03c]CC\\x05C\\x03+S\\x03b\\xf4\\x00\\x00/\\x9e\\x16E\n" 400 498 "-" "-"
125.64.94.212 - - [16/Jan/2022:19:07:24 -0500] "GET / HTTP/1.1" 200 623 "-" "Mozilla/5.0 (X11; Linux x86_64) AppleWebKit/537.36 (KHTML, like Gecko) Chrome/86.0.4 240.111 Safari/537.36"
125.64.94.212 - - [16/Jan/2022:19:07:50 -0500] "GET /favicon.ico HTTP/1.1" 404 437 "-" "Mozilla/5.0 (X11; Linux x86_64) AppleWebKit/537.36 (KHTML, like Gecko) Chrome/86.0.4 240.111 Safari/537.36"
125.64.94.212 - - [16/Jan/2022:19:08:15 -0500] "GET /robots.txt/ HTTP/1.1" 404 437 "-" "Mozilla/5.0 (X11; Linux x86_64) AppleWebKit/537.36 (KHTML, like Gecko) Chrome/86.0.4 240.111 Safari/537.36"
125.64.94.212 - - [16/Jan/2022:19:08:16 -0500] "GET /.well-known/security.txt HTTP/1.1" 404 437 "-" "Mozilla/5.0 (X11; Linux x86_64) AppleWebKit/537.36 (KHTML, like Gecko) Chrome/86.0.4 240.111 Safari/537.36"
107.189.1.53 - - [16/Jan/2022:19:37:31 -0500] "GET / HTTP/1.1" 200 963 "-" "-"
45.146.165.37 - - [16/Jan/2022:19:58:22 -0500] "POST /Autodiscover/Autodiscover.xml HTTP/1.1" 404 5601 "-" "Mozilla/5.0 (Windows NT 10.0; Win64; x64) AppleWebKit/537.36 (KHTML, like Gecko) Chrome/78.0.3904.108 Safari/537.36"
45.146.165.37 - - [16/Jan/2022:20:08:47 -0500] "POST /Autodiscover/Autodiscover.xml HTTP/1.1" 404 5601 "-" "Mozilla/5.0 (Windows NT 10.0; Win64; x64) AppleWebKit/537.36 (KHTML, like Gecko) Chrome/78.0.3904.108 Safari/537.36"
107.189.28.51 - - [16/Jan/2022:20:15:28 -0500] "GET / HTTP/1.1" 200 963 "-" "-"
45.146.165.37 - - [16/Jan/2022:20:25:28 -0500] "GET /_ignition/execute-solution HTTP/1.1" 404 5601 "-" "Mozilla/5.0 (Windows NT 10.0; Win64; x64) AppleWebKit/537.36 (KHTML, like Gecko) Chrome/78.0.3904.108 Safari/537.36"
35.195.93.98 - - [16/Jan/2022:20:41:26 -0500] "GET / HTTP/1.1" 200 5250 "-" "python-requests/2.27.1"
185.196.220.54 - - [16/Jan/2022:20:44:27 -0500] "POST /boaform/admin/formLogin HTTP/1.1" 404 493 "http://216.93.146.231:80/admin/login.asp" "Mozilla/5.0 (Windows NT 10.0; Win64; x64) Gecko/20100101 Firefox/71.0"
45.146.165.37 - - [16/Jan/2022:21:00:01 -0500] "GET /_ignition/execute-solution HTTP/1.1" 404 5601 "-" "Mozilla/5.0 (Windows NT 10.0; Win64; x64) AppleWebKit/537.36 (KHTML, like Gecko) Chrome/78.0.3904.108 Safari/537.36"
185.196.220.54 - - [16/Jan/2022:21:02:19 -0500] "POST /boaform/admin/formLogin HTTP/1.1" 404 493 "http://216.93.159.186:80/admin/login.asp" "Mozilla/5.0 (Windows NT 10.0; Win64; x64) Gecko/20100101 Firefox/71.0"
107.189.14.205 - - [16/Jan/2022:21:03:44 -0500] "GET / HTTP/1.1" 200 963 "-" "-"
64.62.197.122 - - [16/Jan/2022:21:10:06 -0500] "GET / HTTP/1.1" 200 963 "-" "-"
45.146.165.37 - - [16/Jan/2022:21:16:08 -0500] "GET / HTTP/1.1" 200 5786 "-" "Mozilla/5.0 (Windows NT 10.0; Win64; x64) AppleWebKit/537.36 (KHTML, like Gecko) Chrome/78.0.3904.108 Safari/537.36"
23.251.102.74 - - [16/Jan/2022:21:16:15 -0500] "GET /Telerik.Web.UI.WebResource.axd?type=rau HTTP/1.1" 404 437 "-" "Mozilla/5.0 (Windows NT 10.0; Win64; x64) AppleWebKit/537.36 (KHTML, like Gecko) Chrome/60.0.3112.113 Safari/537.36"
125.64.94.138 - - [16/Jan/2022:21:17:44 -0500] "GET / HTTP/1.0" 200 982 "-" "-"
125.64.94.138 - - [16/Jan/2022:21:17:44 -0500] "GET / HTTP/1.0" 200 982 "-" "-"
125.64.94.138 - - [16/Jan/2022:21:17:45 -0500] "GET /favicon.ico HTTP/1.1" 404 437 "-" "Mozilla/5.0 (X11; Linux x86_64) AppleWebKit/537.36 (KHTML, like Gecko) Chrome/86.0.4 240.111 Safari/537.36"
125.64.94.138 - - [16/Jan/2022:21:17:46 -0500] "GET /favicon.ico HTTP/1.1" 404 437 "-" "Mozilla/5.0 (X11; Linux x86_64) AppleWebKit/537.36 (KHTML, like Gecko) Chrome/86.0.4 240.111 Safari/537.36"
125.64.94.138 - - [16/Jan/2022:21:17:47 -0500] "GET /robots.txt HTTP/1.1" 404 437 "-" "Mozilla/5.0 (X11; Linux x86_64) AppleWebKit/537.36 (KHTML, like Gecko) Chrome/86.0.4 240.111 Safari/537.36"
125.64.94.138 - - [16/Jan/2022:21:17:48 -0500] "GET /.well-known/security.txt HTTP/1.1" 404 437 "-" "Mozilla/5.0 (X11; Linux x86_64) AppleWebKit/537.36 (KHTML, like Gecko) Chrome/86.0.4 240.111 Safari/537.36"
125.64.94.138 - - [16/Jan/2022:21:18:10 -0500] "GET /robots.txt/ HTTP/1.1" 404 437 "-" "Mozilla/5.0 (X11; Linux x86_64) AppleWebKit/537.36 (KHTML, like Gecko) Chrome/86.0.4 240.111 Safari/537.36"
125.64.94.138 - - [16/Jan/2022:21:18:11 -0500] "GET /.well-known/security.txt HTTP/1.1" 404 437 "-" "Mozilla/5.0 (X11; Linux x86_64) AppleWebKit/537.36 (KHTML, like Gecko) Chrome/86.0.4 240.111 Safari/537.36"
192.241.214.206 - - [16/Jan/2022:21:20:08 -0500] "GET / HTTP/1.1" 200 5179 "-" "Mozilla/5.0 zgrab/0.x"
192.241.214.206 - - [16/Jan/2022:21:22:20 -0500] "GET / HTTP/1.1" 200 5179 "-" "Mozilla/5.0 zgrab/0.x"
193.118.53.194 - - [16/Jan/2022:21:29:36 -0500] "GET /Telerik.Web.UI.WebResource.axd?type=rau HTTP/1.1" 404 437 "-" "Mozilla/5.0 (Windows NT 10.0; Win64; x64) AppleWebKit/537.36 (KHTML, like Gecko) Chrome/60.0.3112.113 Safari/537.36"
184.105.139.67 - - [16/Jan/2022:21:39:48 -0500] "GET / HTTP/1.1" 200 963 "-" "-"
186.33.94.189 - - [16/Jan/2022:21:40:21 -0500] "GET / HTTP/1.1" 200 963 "-" "Mozilla/5.0 (Windows NT 6.1; WOW64) AppleWebKit/537.36 (KHTML, like Gecko) Chrome/51.0.2704.103 Safari/537.36"
45.146.165.37 - - [16/Jan/2022:21:47:55 -0500] "GET / HTTP/1.1" 200 5786 "-" "Mozilla/5.0 (Windows NT 10.0; Win64; x64) AppleWebKit/537.36 (KHTML, like Gecko) Chrome/78.0.3904.108 Safari/537.36"
160.116.22.22 - - [16/Jan/2022:21:48:00 -0500] "\x16\x03\x01" 400 498 "-" "-"
160.116.22.22 - - [16/Jan/2022:21:48:00 -0500] "\x16\x03\x01" 400 498 "-" "-"
160.116.22.22 - - [16/Jan/2022:21:48:02 -0500] "GET / HTTP/1.1" 200 623 "-" "Mozilla/5.0 (X11; Linux x86_64) AppleWebKit/537.36 (KHTML, like Gecko) Chrome/86.0.4 240.111 Safari/537.36"
160.116.22.22 - - [16/Jan/2022:21:48:02 -0500] "GET / HTTP/1.1" 200 623 "-" "Mozilla/5.0 (X11; Linux x86_64) AppleWebKit/537.36 (KHTML, like Gecko) Chrome/86.0.4 240.111 Safari/537.36"
160.116.22.22 - - [16/Jan/2022:21:48:03 -0500] "\x16\x03\x01" 400 498 "-" "-"
160.116.22.22 - - [16/Jan/2022:21:48:03 -0500] "\x16\x03\x01" 400 498 "-" "-"
160.116.22.22 - - [16/Jan/2022:21:48:03 -0500] "\x16\x03\x01" 400 498 "-" "-"
160.116.22.22 - - [16/Jan/2022:21:48:03 -0500] "\x16\x03\x01" 400 498 "-" "-"
160.116.22.22 - - [16/Jan/2022:21:48:04 -0500] "\x16\x03\x01" 400 498 "-" "-"
160.116.22.22 - - [16/Jan/2022:21:48:04 -0500] "\x16\x03\x01" 400 498 "-" "-"
160.116.22.22 - - [16/Jan/2022:21:48:04 -0500] "\x16\x03\x01" 400 498 "-" "-"
160.116.22.22 - - [16/Jan/2022:21:48:04 -0500] "\x16\x03\x01" 400 498 "-" "-"
160.116.22.22 - - [16/Jan/2022:21:48:05 -0500] "\x16\x03\x01" 400 498 "-" "-"
160.116.22.22 - - [16/Jan/2022:21:48:05 -0500] "\x16\x03\x01" 400 498 "-" "-"
160.116.22.22 - - [16/Jan/2022:21:48:05 -0500] "\x16\x03\x01" 400 498 "-" "-"
160.116.22.22 - - [16/Jan/2022:21:48:05 -0500] "\x16\x03\x01" 400 498 "-" "-"
107.189.1.53 - - [16/Jan/2022:21:50:41 -0500] "GET / HTTP/1.1" 200 963 "-" "-"
45.146.165.37 - - [16/Jan/2022:22:04:36 -0500] "GET / HTTP/1.1" 200 5786 "-" "Mozilla/5.0 (Windows NT 10.0; Win64; x64) AppleWebKit/537.36 (KHTML, like Gecko) Chrome/78.0.3904.108 Safari/537.36"
181.196.189.126 - - [16/Jan/2022:22:19:59 -0500] "GET / HTTP/1.1" 200 963 "-" "Mozilla/5.0 (Windows NT 6.1; WOW64) AppleWebKit/537.36 (KHTML, like Gecko) Chrome/51.0.2704.103 Safari/537.36"
185.136.195.218 - - [16/Jan/2022:22:36:27 -0500] "GET / HTTP/1.1" 200 963 "-" "Mozilla/5.0 (Windows NT 6.1; WOW64) AppleWebKit/537.36 (KHTML, like Gecko) Chrome/51.0.2704.103 Safari/537.36"
167.94.138.57 - - [16/Jan/2022:23:04:55 -0500] "GET / HTTP/1.1" 200 963 "-" "-"
167.94.138.57 - - [16/Jan/2022:23:04:55 -0500] "GET / HTTP/1.1" 200 623 "-" "Mozilla/5.0 (compatible; CensysInspect/1.1; +https://about.censys.io/)"
107.189.28.51 - - [16/Jan/2022:23:08:28 -0500] "GET / HTTP/1.1" 200 963 "-" "-"
45.146.165.37 - - [16/Jan/2022:23:10:48 -0500] "POST /cgi-bin/.%2e/.%2e/.%2e/.%2e/bin/sh HTTP/1.1" 400 5633 "-" "Mozilla/5.0 (Windows NT 10.0; Win64; x64) AppleWebKit/537.36 (KHTML, like Gecko) Chrome/78.0.3904.108 Safari/537.36"
4.17.224.134 - - [16/Jan/2022:23:18:41 -0500] "GET /.env HTTP/1.1" 404 493 "-" "Mozilla/5.0 (X11; Linux x86_64) AppleWebKit/537.36 (KHTML, like Gecko) Chrome/81.0.4044.129 Safari/537.36"
4.17.224.134 - - [16/Jan/2022:23:18:41 -0500] "POST / HTTP/1.1" 200 679 "-" "Mozilla/5.0 (X11; Linux x86_64) AppleWebKit/537.36 (KHTML, like Gecko) Chrome/81.0.4044.129 Safari/537.36"
193.106.29.210 - - [16/Jan/2022:23:33:29 -0500] "GET / HTTP/1.1" 200 623 "-" "Mozilla/5.0 (Windows NT 10.0; Win64; x64; rv:90.0) Gecko/20100101 Firefox/90.0"
89.248.165.52 - - [16/Jan/2022:23:47:48 -0500] "-" 408 0 "-" "-"
89.248.165.52 - - [16/Jan/2022:23:48:08 -0500] "-" 408 0 "-" "-"
89.248.165.52 - - [16/Jan/2022:23:48:09 -0500] "CONNECT hotmail-com.olc.protection.outlook.com:25 HTTP/1.1" 405 528 "-" "-"
209.141.54.110 - - [16/Jan/2022:23:48:33 -0500] "POST /boaform/admin/formLogin HTTP/1.1" 404 493 "http://216.93.159.186:80/admin/login.asp" "Mozilla/5.0 (X11; Ubuntu; Linux x86_64; rv:71.0) Gecko/20100101 Firefox/71.0"
45.146.165.37 - - [16/Jan/2022:23:50:05 -0500] "GET / HTTP/1.1" 200 5786 "-" "Mozilla/5.0 (Windows NT 10.0; Win64; x64) AppleWebKit/537.36 (KHTML, like Gecko) Chrome/78.0.3904.108 Safari/537.36"
209.141.54.110 - - [16/Jan/2022:23:58:36 -0500] "POST /boaform/admin/formLogin HTTP/1.1" 404 493 "http://216.93.146.231:80/admin/login.asp" "Mozilla/5.0 (X11; Ubuntu; Linux x86_64; rv:71.0) Gecko/20100101 Firefox/71.0"
