104.206.128.30 - - [11/Jan/2022:00:20:49 -0500] "GET / HTTP/1.1" 200 963 "-" "https://gdnplus.com:Gather Analyze Provide"
178.73.215.171 - - [11/Jan/2022:00:23:45 -0500] "GET / HTTP/1.0" 200 982 "-" "-"
64.227.8.178 - - [11/Jan/2022:00:26:52 -0500] "GET / HTTP/1.0" 200 982 "-" "-"
74.82.47.2 - - [11/Jan/2022:00:35:35 -0500] "GET / HTTP/1.1" 200 963 "-" "-"
45.146.165.37 - - [11/Jan/2022:00:35:37 -0500] "POST /cgi-bin/.%2e/.%2e/.%2e/.%2e/bin/sh HTTP/1.1" 400 5633 "-" "Mozilla/5.0 (Windows NT 10.0; Win64; x64) AppleWebKit/537.36 (KHTML, like Gecko) Chrome/78.0.3904.108 Safari/537.36"
23.90.160.114 - - [11/Jan/2022:00:41:35 -0500] "GET / HTTP/1.1" 200 623 "-" "Mozilla/5.0 (Windows NT 10.0; Win64; x64) AppleWebKit/537.36 (KHTML, like Gecko) Chrome/60.0.3112.113 Safari/537.36"
64.62.197.122 - - [11/Jan/2022:00:43:07 -0500] "GET / HTTP/1.1" 200 963 "-" "-"
192.241.204.207 - - [11/Jan/2022:00:53:42 -0500] "GET / HTTP/1.1" 200 5179 "-" "Mozilla/5.0 zgrab/0.x"
192.241.204.207 - - [11/Jan/2022:00:54:31 -0500] "GET / HTTP/1.1" 200 5179 "-" "Mozilla/5.0 zgrab/0.x"
45.146.165.37 - - [11/Jan/2022:00:57:46 -0500] "POST /cgi-bin/.%2e/.%2e/.%2e/.%2e/bin/sh HTTP/1.1" 400 5633 "-" "Mozilla/5.0 (Windows NT 10.0; Win64; x64) AppleWebKit/537.36 (KHTML, like Gecko) Chrome/78.0.3904.108 Safari/537.36"
205.185.122.46 - - [11/Jan/2022:01:12:54 -0500] "-" 408 0 "-" "-"
45.146.165.37 - - [11/Jan/2022:01:14:46 -0500] "GET / HTTP/1.1" 200 5786 "-" "Mozilla/5.0 (Windows NT 10.0; Win64; x64) AppleWebKit/537.36 (KHTML, like Gecko) Chrome/78.0.3904.108 Safari/537.36"
34.77.162.14 - - [11/Jan/2022:01:16:30 -0500] "\x16\x03\x01" 400 498 "-" "-"
124.121.44.85 - - [11/Jan/2022:01:24:51 -0500] "GET / HTTP/1.1" 200 963 "-" "Mozilla/5.0 (Windows NT 6.1; WOW64) AppleWebKit/537.36 (KHTML, like Gecko) Chrome/51.0.2704.103 Safari/537.36"
198.98.49.124 - - [11/Jan/2022:01:49:32 -0500] "GET / HTTP/1.1" 200 642 "-" "Mozilla/5.0 (X11; Ubuntu; Linux x86_64; rv:76.0) Gecko/20100101 Firefox/76.0"
205.185.122.46 - - [11/Jan/2022:01:56:01 -0500] "-" 408 0 "-" "-"
198.98.49.124 - - [11/Jan/2022:02:00:51 -0500] "GET / HTTP/1.1" 200 642 "-" "Mozilla/5.0 (X11; Ubuntu; Linux x86_64; rv:76.0) Gecko/20100101 Firefox/76.0"
178.73.215.171 - - [11/Jan/2022:02:01:58 -0500] "GET / HTTP/1.0" 200 982 "-" "-"
45.146.165.37 - - [11/Jan/2022:02:07:33 -0500] "GET / HTTP/1.1" 200 5786 "-" "Mozilla/5.0 (Windows NT 10.0; Win64; x64) AppleWebKit/537.36 (KHTML, like Gecko) Chrome/78.0.3904.108 Safari/537.36"
109.237.103.38 - - [11/Jan/2022:02:41:05 -0500] "GET / HTTP/1.0" 400 630 "-" "-"
109.237.103.38 - - [11/Jan/2022:02:41:06 -0500] "GET /.env HTTP/1.1" 404 5685 "-" "Mozilla/5.0 (X11; Linux x86_64) AppleWebKit/537.36 (KHTML, like Gecko) Chrome/81.0.4044.129 Safari/537.36"
185.180.143.10 - - [11/Jan/2022:02:52:09 -0500] "GET / HTTP/1.1" 200 623 "-" "Mozilla/5.0 (Windows NT 10.0; Win64; x64) AppleWebKit/537.36 (KHTML, like Gecko) Chrome/60.0.3112.113 Safari/537.36"
185.180.143.10 - - [11/Jan/2022:02:52:09 -0500] "GET /public/img/mongo-express-logo.png HTTP/1.1" 404 437 "-" "Mozilla/5.0 (Windows NT 10.0; Win64; x64) AppleWebKit/537.36 (KHTML, like Gecko) Chrome/60.0.3112.113 Safari/537.36"
136.144.41.117 - - [11/Jan/2022:03:16:36 -0500] "GET / HTTP/1.1" 200 642 "-" "Linux Gnu (cow)"
62.171.161.0 - - [11/Jan/2022:03:18:44 -0500] "POST / HTTP/1.1" 200 5823 "-" "Mozilla/5.0 (X11; Linux x86_64) AppleWebKit/537.36 (KHTML, like Gecko) Chrome/81.0.4044.129 Safari/537.36"
62.171.161.0 - - [11/Jan/2022:03:18:45 -0500] "GET /.env HTTP/1.1" 404 5638 "-" "Mozilla/5.0 (X11; Linux x86_64) AppleWebKit/537.36 (KHTML, like Gecko) Chrome/81.0.4044.129 Safari/537.36"
176.107.177.70 - - [11/Jan/2022:03:21:46 -0500] "GET /.git/config HTTP/1.1" 404 5601 "-" "SonyEricssonK610i/R1CB Browser/NetFront/3.3 Profile/MIDP-2.0 Configuration/CLDC-1.1"
176.107.177.70 - - [11/Jan/2022:03:21:46 -0500] "GET /.git/config HTTP/1.1" 404 5601 "-" "Mozilla/5.0 (Windows NT 10.0; Win64; x64) AppleWebKit/537.36 (KHTML, like Gecko) Chrome/68.0.3440.75 Safari/537.36"
157.245.70.127 - - [11/Jan/2022:03:33:46 -0500] "GET /ab2g HTTP/1.1" 400 498 "-" "-"
157.245.70.127 - - [11/Jan/2022:03:33:46 -0500] "GET /ab2h HTTP/1.1" 400 498 "-" "-"
185.189.182.234 - - [11/Jan/2022:03:44:23 -0500] "GET /6fNr HTTP/1.1" 400 5051 "-" "-"
136.144.41.117 - - [11/Jan/2022:03:51:48 -0500] "GET / HTTP/1.1" 200 642 "-" "Linux Gnu (cow)"
5.188.210.227 - - [11/Jan/2022:03:54:14 -0500] "GET http://5.188.210.227/echo.php HTTP/1.1" 404 455 "https://www.google.com/" "Mozilla/5.0 (Windows NT 6.1) AppleWebKit/537.36 (KHTML, like Gecko) Chrome/70.0.3538.77 Safari/537.36"
201.238.154.45 - - [11/Jan/2022:04:19:22 -0500] "GET / HTTP/1.1" 200 963 "-" "Mozilla/5.0 (Windows NT 10.0; WOW64) AppleWebKit/537.36 (KHTML, like Gecko) Chrome/51.0.2704.103 Safari/537.36"
109.237.103.38 - - [11/Jan/2022:04:34:56 -0500] "GET / HTTP/1.0" 400 630 "-" "-"
109.237.103.38 - - [11/Jan/2022:04:34:56 -0500] "GET /.env HTTP/1.1" 404 5685 "-" "Mozilla/5.0 (X11; Linux x86_64) AppleWebKit/537.36 (KHTML, like Gecko) Chrome/81.0.4044.129 Safari/537.36"
178.79.148.229 - - [11/Jan/2022:04:57:22 -0500] "GET / HTTP/1.0" 200 982 "-" "-"
178.79.148.229 - - [11/Jan/2022:04:57:29 -0500] "GET / HTTP/1.0" 200 6126 "-" "-"
178.79.148.229 - - [11/Jan/2022:04:57:29 -0500] "GET / HTTP/1.1" 200 982 "-" "curl/7.54.0"
178.79.148.229 - - [11/Jan/2022:04:57:29 -0500] "GET / HTTP/1.1" 200 982 "-" "curl/7.54.0"
178.79.148.229 - - [11/Jan/2022:04:57:29 -0500] "GET /ac1g HTTP/1.1" 404 463 "-" "curl/7.54.0"
178.79.148.229 - - [11/Jan/2022:04:57:29 -0500] "GET /nmaplowercheck1641895049 HTTP/1.1" 404 463 "-" "curl/7.54.0"
178.79.148.229 - - [11/Jan/2022:04:57:30 -0500] "GET / HTTP/1.1" 200 6126 "-" "curl/7.54.0"
178.79.148.229 - - [11/Jan/2022:04:57:30 -0500] "GET /.git/HEAD HTTP/1.1" 404 5608 "-" "curl/7.54.0"
178.79.148.229 - - [11/Jan/2022:04:57:30 -0500] "GET /Portal/Portal.mwsl HTTP/1.1" 404 5608 "-" "curl/7.54.0"
178.79.148.229 - - [11/Jan/2022:04:57:30 -0500] "GET /CSS/Miniweb.css HTTP/1.1" 404 5608 "-" "curl/7.54.0"
178.79.148.229 - - [11/Jan/2022:04:57:30 -0500] "GET / HTTP/1.1" 200 6126 "-" "curl/7.54.0"
178.79.148.229 - - [11/Jan/2022:04:57:30 -0500] "GET /nmaplowercheck1641895049 HTTP/1.1" 404 5608 "-" "curl/7.54.0"
178.79.148.229 - - [11/Jan/2022:04:57:30 -0500] "GET /Portal0000.htm HTTP/1.1" 404 463 "-" "curl/7.54.0"
178.79.148.229 - - [11/Jan/2022:04:57:30 -0500] "GET /CSS/Miniweb.css HTTP/1.1" 404 463 "-" "curl/7.54.0"
178.79.148.229 - - [11/Jan/2022:04:57:30 -0500] "GET /.git/HEAD HTTP/1.1" 404 463 "-" "curl/7.54.0"
178.79.148.229 - - [11/Jan/2022:04:57:30 -0500] "\x16\x03\x01\x02" 400 498 "-" "-"
178.79.148.229 - - [11/Jan/2022:04:57:30 -0500] "GET /favicon.ico HTTP/1.1" 404 463 "-" "curl/7.54.0"
178.79.148.229 - - [11/Jan/2022:04:57:30 -0500] "GET /pools/default/buckets HTTP/1.1" 404 463 "-" "curl/7.54.0"
178.79.148.229 - - [11/Jan/2022:04:57:30 -0500] "HEAD / HTTP/1.1" 200 271 "-" "curl/7.54.0"
178.79.148.229 - - [11/Jan/2022:04:57:30 -0500] "POST /sdk HTTP/1.1" 404 5608 "-" "curl/7.54.0"
178.79.148.229 - - [11/Jan/2022:04:57:30 -0500] "\x16\x03\x01\x02" 400 498 "-" "-"
178.79.148.229 - - [11/Jan/2022:04:57:31 -0500] "GET / HTTP/1.0" 400 630 "-" "-"
178.79.148.229 - - [11/Jan/2022:04:57:31 -0500] "GET /__Additional HTTP/1.1" 404 463 "-" "curl/7.54.0"
178.79.148.229 - - [11/Jan/2022:04:57:31 -0500] "GET / HTTP/1.0" 400 630 "-" "-"
178.79.148.229 - - [11/Jan/2022:04:57:31 -0500] "GET /server-status HTTP/1.1" 403 466 "-" "curl/7.54.0"
178.79.148.229 - - [11/Jan/2022:04:57:31 -0500] "GET /pools HTTP/1.1" 404 463 "-" "curl/7.54.0"
178.79.148.229 - - [11/Jan/2022:04:57:31 -0500] "GET / HTTP/1.1" 200 6126 "-" "curl/7.54.0"
178.79.148.229 - - [11/Jan/2022:04:57:31 -0500] "GET /HNAP1 HTTP/1.1" 404 5608 "-" "curl/7.54.0"
178.79.148.229 - - [11/Jan/2022:04:57:31 -0500] "GET /favicon.ico HTTP/1.1" 404 5608 "-" "curl/7.54.0"
178.79.148.229 - - [11/Jan/2022:04:57:31 -0500] "GET /docs/cplugError.html/ HTTP/1.1" 404 5608 "-" "curl/7.54.0"
178.79.148.229 - - [11/Jan/2022:04:57:31 -0500] "GET / HTTP/1.1" 200 982 "-" "curl/7.54.0"
178.79.148.229 - - [11/Jan/2022:04:57:31 -0500] "GET /menu.jsa HTTP/1.1" 404 463 "-" "curl/7.54.0"
178.79.148.229 - - [11/Jan/2022:04:57:31 -0500] "GET / HTTP/1.0" 200 982 "-" "-"
178.79.148.229 - - [11/Jan/2022:04:57:31 -0500] "POST /sdk HTTP/1.1" 404 463 "-" "curl/7.54.0"
178.79.148.229 - - [11/Jan/2022:04:57:31 -0500] "GET /pools/default/buckets HTTP/1.1" 404 5608 "-" "curl/7.54.0"
178.79.148.229 - - [11/Jan/2022:04:57:31 -0500] "GET /server-status HTTP/1.1" 403 5611 "-" "curl/7.54.0"
178.79.148.229 - - [11/Jan/2022:04:57:32 -0500] "GET / HTTP/1.0" 400 630 "-" "-"
178.79.148.229 - - [11/Jan/2022:04:57:32 -0500] "GET /xM1f HTTP/1.1" 404 5608 "-" "curl/7.54.0"
178.79.148.229 - - [11/Jan/2022:04:57:32 -0500] "\x16\x03\x01\x02" 400 498 "-" "-"
178.79.148.229 - - [11/Jan/2022:04:57:32 -0500] "GET /Portal/Portal.mwsl HTTP/1.1" 404 463 "-" "curl/7.54.0"
178.79.148.229 - - [11/Jan/2022:04:57:32 -0500] "SSTP_DUPLEX_POST /sra_{BA195980-CD49-458b-9E23-C84EE0ADCD75}/ HTTP/1.1" 400 5612 "-" "-"
178.79.148.229 - - [11/Jan/2022:04:57:32 -0500] "POST /scripts/WPnBr.dll HTTP/1.1" 404 463 "-" "curl/7.54.0"
178.79.148.229 - - [11/Jan/2022:04:57:32 -0500] "GET /main.cgi HTTP/1.1" 404 463 "-" "curl/7.54.0"
178.79.148.229 - - [11/Jan/2022:04:57:32 -0500] "GET / HTTP/1.0" 200 6126 "-" "-"
178.79.148.229 - - [11/Jan/2022:04:57:32 -0500] "GET /__Additional HTTP/1.1" 404 5608 "-" "curl/7.54.0"
178.79.148.229 - - [11/Jan/2022:04:57:32 -0500] "GET /docs/cplugError.html/ HTTP/1.1" 404 463 "-" "curl/7.54.0"
178.79.148.229 - - [11/Jan/2022:04:57:32 -0500] "GET / HTTP/1.0" 400 630 "-" "-"
178.79.148.229 - - [11/Jan/2022:04:57:32 -0500] "HEAD / HTTP/1.1" 200 5415 "-" "curl/7.54.0"
178.79.148.229 - - [11/Jan/2022:04:57:32 -0500] "GET /pools HTTP/1.1" 404 5608 "-" "curl/7.54.0"
178.79.148.229 - - [11/Jan/2022:04:57:32 -0500] "GET /admin.cgi HTTP/1.1" 404 463 "-" "curl/7.54.0"
178.79.148.229 - - [11/Jan/2022:04:57:33 -0500] "GET /?=PHPB8B5F2A0-3C92-11d3-A3A9-4C7B08C10000 HTTP/1.1" 200 6126 "-" "curl/7.54.0"
178.79.148.229 - - [11/Jan/2022:04:57:33 -0500] "GET /main.jsa HTTP/1.1" 404 463 "-" "curl/7.54.0"
178.79.148.229 - - [11/Jan/2022:04:57:33 -0500] "GET /admin.cgi HTTP/1.1" 404 5608 "-" "curl/7.54.0"
178.79.148.229 - - [11/Jan/2022:04:57:33 -0500] "GET /admin.jsp HTTP/1.1" 404 463 "-" "curl/7.54.0"
178.79.148.229 - - [11/Jan/2022:04:57:33 -0500] "GET / HTTP/1.1" 200 6126 "-" "curl/7.54.0"
178.79.148.229 - - [11/Jan/2022:04:57:34 -0500] "GET /robots.txt HTTP/1.1" 404 463 "-" "curl/7.54.0"
178.79.148.229 - - [11/Jan/2022:04:57:34 -0500] "GET /main.jsa HTTP/1.1" 404 5608 "-" "curl/7.54.0"
178.79.148.229 - - [11/Jan/2022:04:57:34 -0500] "GET /start.jsa HTTP/1.1" 404 463 "-" "curl/7.54.0"
178.79.148.229 - - [11/Jan/2022:04:57:35 -0500] "GET /index.cgi HTTP/1.1" 404 463 "-" "curl/7.54.0"
178.79.148.229 - - [11/Jan/2022:04:57:35 -0500] "GET /admin.jsp HTTP/1.1" 404 5608 "-" "curl/7.54.0"
178.79.148.229 - - [11/Jan/2022:04:57:35 -0500] "GET /index.jsa HTTP/1.1" 404 463 "-" "curl/7.54.0"
178.79.148.229 - - [11/Jan/2022:04:57:36 -0500] "GET /home.jsp HTTP/1.1" 404 463 "-" "curl/7.54.0"
178.79.148.229 - - [11/Jan/2022:04:57:36 -0500] "GET /robots.txt HTTP/1.1" 404 5608 "-" "curl/7.54.0"
178.79.148.229 - - [11/Jan/2022:04:57:36 -0500] "GET /base.inc HTTP/1.1" 404 463 "-" "curl/7.54.0"
178.79.148.229 - - [11/Jan/2022:04:57:37 -0500] "GET /start.jsa HTTP/1.1" 404 5608 "-" "curl/7.54.0"
178.79.148.229 - - [11/Jan/2022:04:57:37 -0500] "GET /admin.pl HTTP/1.1" 404 463 "-" "curl/7.54.0"
178.79.148.229 - - [11/Jan/2022:04:57:37 -0500] "GET /base.shtml HTTP/1.1" 404 463 "-" "curl/7.54.0"
178.79.148.229 - - [11/Jan/2022:04:57:38 -0500] "GET /index.cgi HTTP/1.1" 404 5608 "-" "curl/7.54.0"
178.79.148.229 - - [11/Jan/2022:04:57:38 -0500] "GET /admin.jsa HTTP/1.1" 404 463 "-" "curl/7.54.0"
178.79.148.229 - - [11/Jan/2022:04:57:38 -0500] "GET default.asp HTTP/1.1" 400 498 "-" "-"
178.79.148.229 - - [11/Jan/2022:04:57:39 -0500] "GET /index.jsa HTTP/1.1" 404 5608 "-" "curl/7.54.0"
178.79.148.229 - - [11/Jan/2022:04:57:39 -0500] "GET /menu.aspx HTTP/1.1" 404 463 "-" "curl/7.54.0"
178.79.148.229 - - [11/Jan/2022:04:57:39 -0500] "GET /admin.jhtml HTTP/1.1" 404 463 "-" "curl/7.54.0"
178.79.148.229 - - [11/Jan/2022:04:57:40 -0500] "GET /home.jsp HTTP/1.1" 404 5608 "-" "curl/7.54.0"
178.79.148.229 - - [11/Jan/2022:04:57:40 -0500] "GET / HTTP/1.0" 200 982 "-" "-"
178.79.148.229 - - [11/Jan/2022:04:57:41 -0500] "GET / HTTP/1.0" 200 6126 "-" "-"
178.79.148.229 - - [11/Jan/2022:04:57:41 -0500] "GET / HTTP/1.1" 200 963 "-" "-"
178.79.148.229 - - [11/Jan/2022:04:57:42 -0500] "GET / HTTP/1.1" 200 6107 "-" "-"
178.79.148.229 - - [11/Jan/2022:04:58:00 -0500] "-" 408 5122 "-" "-"
162.142.125.194 - - [11/Jan/2022:05:01:46 -0500] "GET / HTTP/1.1" 200 6107 "-" "-"
162.142.125.194 - - [11/Jan/2022:05:01:46 -0500] "GET / HTTP/1.1" 200 5767 "-" "Mozilla/5.0 (compatible; CensysInspect/1.1; +https://about.censys.io/)"
109.237.103.123 - - [11/Jan/2022:05:02:48 -0500] "GET /.env HTTP/1.1" 404 493 "-" "Mozilla/5.0 (X11; Linux x86_64) AppleWebKit/537.36 (KHTML, like Gecko) Chrome/81.0.4044.129 Safari/537.36"
109.237.103.123 - - [11/Jan/2022:05:02:48 -0500] "GET /.env HTTP/1.1" 404 5638 "-" "Mozilla/5.0 (X11; Linux x86_64) AppleWebKit/537.36 (KHTML, like Gecko) Chrome/81.0.4044.129 Safari/537.36"
192.241.209.184 - - [11/Jan/2022:05:04:16 -0500] "GET /ecp/Current/exporttool/microsoft.exchange.ediscovery.exporttool.application HTTP/1.1" 404 4994 "-" "Mozilla/5.0 zgrab/0.x"
192.241.209.184 - - [11/Jan/2022:05:04:22 -0500] "GET /ecp/Current/exporttool/microsoft.exchange.ediscovery.exporttool.application HTTP/1.1" 404 4994 "-" "Mozilla/5.0 zgrab/0.x"
192.241.217.239 - - [11/Jan/2022:05:13:55 -0500] "GET /owa/auth/logon.aspx?url=https%3a%2f%2f1%2fecp%2f HTTP/1.1" 404 4994 "-" "Mozilla/5.0 zgrab/0.x"
192.241.217.239 - - [11/Jan/2022:05:14:06 -0500] "GET /owa/auth/logon.aspx?url=https%3a%2f%2f1%2fecp%2f HTTP/1.1" 404 4994 "-" "Mozilla/5.0 zgrab/0.x"
197.251.233.26 - - [11/Jan/2022:05:37:14 -0500] "GET / HTTP/1.1" 200 963 "-" "Mozilla/5.0 (Windows NT 10.0; WOW64) AppleWebKit/537.36 (KHTML, like Gecko) Chrome/51.0.2704.103 Safari/537.36"
61.219.11.151 - - [11/Jan/2022:06:06:19 -0500] "GET / HTTP/1.1" 400 498 "-" "-"
81.12.98.53 - - [11/Jan/2022:06:18:53 -0500] "GET / HTTP/1.1" 200 963 "-" "Mozilla/5.0 (Windows NT 10.0; WOW64) AppleWebKit/537.36 (KHTML, like Gecko) Chrome/52.0.2743.116 Safari/537.36"
185.180.143.10 - - [11/Jan/2022:06:27:09 -0500] "GET / HTTP/1.1" 200 623 "-" "Mozilla/5.0 (Windows NT 10.0; Win64; x64) AppleWebKit/537.36 (KHTML, like Gecko) Chrome/60.0.3112.113 Safari/537.36"
185.180.143.10 - - [11/Jan/2022:06:27:09 -0500] "GET /public/img/mongo-express-logo.png HTTP/1.1" 404 437 "-" "Mozilla/5.0 (Windows NT 10.0; Win64; x64) AppleWebKit/537.36 (KHTML, like Gecko) Chrome/60.0.3112.113 Safari/537.36"
104.140.188.18 - - [11/Jan/2022:06:31:29 -0500] "GET / HTTP/1.1" 200 5519 "-" "https://gdnplus.com:Gather Analyze Provide."
113.64.92.240 - - [11/Jan/2022:06:36:34 -0500] "GET / HTTP/1.1" 200 963 "-" "Mozilla/5.0 (Windows NT 10.0; WOW64) AppleWebKit/537.36 (KHTML, like Gecko) Chrome/51.0.2704.103 Safari/537.36"
138.246.253.24 - - [11/Jan/2022:06:39:31 -0500] "GET /robots.txt HTTP/1.1" 404 5582 "-" "Mozilla/5.0 (Windows NT 10.0; Win64; x64) AppleWebKit/537.36 (KHTML, like Gecko) Chrome/88.0.4324.146 Safari/537.36"
52.152.218.152 - - [11/Jan/2022:07:37:19 -0500] "HEAD /robots.txt HTTP/1.0" 404 159 "-" "-"
45.146.165.37 - - [11/Jan/2022:07:38:23 -0500] "GET /?XDEBUG_SESSION_START=phpstorm HTTP/1.1" 200 642 "-" "Mozilla/5.0 (Windows NT 10.0; Win64; x64) AppleWebKit/537.36 (KHTML, like Gecko) Chrome/78.0.3904.108 Safari/537.36"
45.146.165.37 - - [11/Jan/2022:07:47:33 -0500] "GET /?XDEBUG_SESSION_START=phpstorm HTTP/1.1" 200 642 "-" "Mozilla/5.0 (Windows NT 10.0; Win64; x64) AppleWebKit/537.36 (KHTML, like Gecko) Chrome/78.0.3904.108 Safari/537.36"
167.172.17.216 - - [11/Jan/2022:07:48:17 -0500] "GET / HTTP/1.1" 200 5786 "-" "Mozilla/5.0 (compatible; InternetMeasurement/1.0; +https://internet-measurement.com/)"
45.146.165.37 - - [11/Jan/2022:07:59:47 -0500] "GET /console/ HTTP/1.1" 404 456 "-" "Mozilla/5.0 (Windows NT 10.0; Win64; x64) AppleWebKit/537.36 (KHTML, like Gecko) Chrome/78.0.3904.108 Safari/537.36"
45.146.165.37 - - [11/Jan/2022:08:15:54 -0500] "GET /console/ HTTP/1.1" 404 456 "-" "Mozilla/5.0 (Windows NT 10.0; Win64; x64) AppleWebKit/537.36 (KHTML, like Gecko) Chrome/78.0.3904.108 Safari/537.36"
52.152.218.152 - - [11/Jan/2022:08:35:01 -0500] "HEAD /robots.txt HTTP/1.0" 404 159 "-" "-"
45.146.165.37 - - [11/Jan/2022:08:58:57 -0500] "GET /_ignition/execute-solution HTTP/1.1" 404 456 "-" "Mozilla/5.0 (Windows NT 10.0; Win64; x64) AppleWebKit/537.36 (KHTML, like Gecko) Chrome/78.0.3904.108 Safari/537.36"
64.62.197.122 - - [11/Jan/2022:09:00:02 -0500] "GET / HTTP/1.1" 200 5519 "-" "-"
45.146.165.37 - - [11/Jan/2022:09:07:53 -0500] "GET /_ignition/execute-solution HTTP/1.1" 404 456 "-" "Mozilla/5.0 (Windows NT 10.0; Win64; x64) AppleWebKit/537.36 (KHTML, like Gecko) Chrome/78.0.3904.108 Safari/537.36"
211.47.83.200 - - [11/Jan/2022:09:22:23 -0500] "GET /boaform/admin/formLogin?username=admin&psd=admin HTTP/1.0" 404 466 "-" "-"
45.146.165.37 - - [11/Jan/2022:09:39:07 -0500] "GET / HTTP/1.1" 200 642 "-" "Mozilla/5.0 (Windows NT 10.0; Win64; x64) AppleWebKit/537.36 (KHTML, like Gecko) Chrome/78.0.3904.108 Safari/537.36"
35.233.62.116 - - [11/Jan/2022:10:11:14 -0500] "GET / HTTP/1.1" 200 5250 "-" "python-requests/2.27.1"
64.62.197.32 - - [11/Jan/2022:10:38:40 -0500] "GET / HTTP/1.1" 200 5519 "-" "-"
45.146.165.37 - - [11/Jan/2022:10:47:50 -0500] "GET / HTTP/1.1" 200 642 "-" "Mozilla/5.0 (Windows NT 10.0; Win64; x64) AppleWebKit/537.36 (KHTML, like Gecko) Chrome/78.0.3904.108 Safari/537.36"
45.146.165.37 - - [11/Jan/2022:10:48:13 -0500] "GET / HTTP/1.1" 200 642 "-" "Mozilla/5.0 (Windows NT 10.0; Win64; x64) AppleWebKit/537.36 (KHTML, like Gecko) Chrome/78.0.3904.108 Safari/537.36"
185.15.80.243 - - [11/Jan/2022:11:21:03 -0500] "GET / HTTP/1.1" 200 963 "-" "Mozilla/5.0 (Windows NT 10.0; WOW64) AppleWebKit/537.36 (KHTML, like Gecko) Chrome/51.0.2704.103 Safari/537.36"
45.146.165.37 - - [11/Jan/2022:11:38:57 -0500] "POST /vendor/phpunit/phpunit/src/Util/PHP/eval-stdin.php HTTP/1.1" 404 5601 "-" "Mozilla/5.0 (Windows NT 10.0; Win64; x64) AppleWebKit/537.36 (KHTML, like Gecko) Chrome/78.0.3904.108 Safari/537.36"
222.186.19.235 - - [11/Jan/2022:11:45:37 -0500] "GET http://fuwu.sogou.com/404/index.html HTTP/1.1" 404 456 "-" "Mozilla/5.0 (Macintosh; Intel Mac OS X 10_6_6) AppleWebKit/534.24 (KHTML, like Gecko) Chrome/11.0.698.0 Safari/534.24"
222.186.19.235 - - [11/Jan/2022:11:45:37 -0500] "\x16\x03\x01" 400 498 "-" "-"
222.186.19.235 - - [11/Jan/2022:11:45:37 -0500] "GET http://fuwu.sogou.com/404/index.html HTTP/1.1" 404 456 "-" "Mozilla/5.0 (Windows; U; Windows NT 5.1; en-US) AppleWebKit/525.19 (KHTML, like Gecko) Chrome/0.2.153.0 Safari/525.19"
54.242.40.124 - - [11/Jan/2022:11:57:27 -0500] "GET / HTTP/1.1" 200 679 "-" "Mozilla/5.0 (Windows NT 6.2;en-US) AppleWebKit/537.32.36 (KHTML, live Gecko) Chrome/59.0.3052.83 Safari/537.32"
89.248.163.177 - - [11/Jan/2022:12:17:52 -0500] "GET / HTTP/1.1" 200 982 "-" "libwww-perl/6.60"
186.33.79.106 - - [11/Jan/2022:12:29:09 -0500] "GET / HTTP/1.1" 200 963 "-" "Mozilla/5.0 (Windows NT 6.1; WOW64) AppleWebKit/537.36 (KHTML, like Gecko) Chrome/52.0.2743.116 Safari/537.36"
45.146.165.37 - - [11/Jan/2022:12:29:42 -0500] "GET /vendor/phpunit/phpunit/src/Util/PHP/eval-stdin.php HTTP/1.1" 404 5601 "-" "Mozilla/5.0 (Windows NT 10.0; Win64; x64) AppleWebKit/537.36 (KHTML, like Gecko) Chrome/78.0.3904.108 Safari/537.36"
45.146.165.37 - - [11/Jan/2022:12:37:38 -0500] "GET /vendor/phpunit/phpunit/src/Util/PHP/eval-stdin.php HTTP/1.1" 404 5601 "-" "Mozilla/5.0 (Windows NT 10.0; Win64; x64) AppleWebKit/537.36 (KHTML, like Gecko) Chrome/78.0.3904.108 Safari/537.36"
5.202.217.73 - - [11/Jan/2022:12:40:55 -0500] "GET / HTTP/1.1" 200 963 "-" "Mozilla/5.0 (Windows NT 6.1; WOW64) AppleWebKit/537.36 (KHTML, like Gecko) Chrome/52.0.2743.116 Safari/537.36"
31.130.122.75 - - [11/Jan/2022:12:58:50 -0500] "GET / HTTP/1.1" 200 963 "-" "Mozilla/5.0 (Windows NT 10.0; WOW64) AppleWebKit/537.36 (KHTML, like Gecko) Chrome/51.0.2704.103 Safari/537.36"
178.62.204.218 - - [11/Jan/2022:13:05:34 -0500] "GET /ab2g HTTP/1.1" 400 498 "-" "-"
178.62.204.218 - - [11/Jan/2022:13:05:35 -0500] "GET /ab2h HTTP/1.1" 400 498 "-" "-"
45.146.165.37 - - [11/Jan/2022:13:24:14 -0500] "GET /index.php?s=/Index/\\think\\app/invokefunction&function=call_user_func_array&vars[0]=md5&vars[1][]=HelloThinkPHP21 HTTP/1.1" 404 5601 "-" "Mozilla/5.0 (Windows NT 10.0; Win64; x64) AppleWebKit/537.36 (KHTML, like Gecko) Chrome/78.0.3904.108 Safari/537.36"
35.195.93.98 - - [11/Jan/2022:13:52:46 -0500] "GET / HTTP/1.1" 200 679 "-" "python-requests/2.27.1"
130.211.54.158 - - [11/Jan/2022:14:49:42 -0500] "GET / HTTP/1.1" 200 679 "-" "python-requests/2.27.1"
45.146.165.37 - - [11/Jan/2022:15:01:06 -0500] "GET /?XDEBUG_SESSION_START=phpstorm HTTP/1.1" 200 5786 "-" "Mozilla/5.0 (Windows NT 10.0; Win64; x64) AppleWebKit/537.36 (KHTML, like Gecko) Chrome/78.0.3904.108 Safari/537.36"
45.146.165.37 - - [11/Jan/2022:15:06:54 -0500] "GET /?XDEBUG_SESSION_START=phpstorm HTTP/1.1" 200 5786 "-" "Mozilla/5.0 (Windows NT 10.0; Win64; x64) AppleWebKit/537.36 (KHTML, like Gecko) Chrome/78.0.3904.108 Safari/537.36"
93.117.24.163 - - [11/Jan/2022:15:20:31 -0500] "GET / HTTP/1.1" 200 963 "-" "Mozilla/5.0 (Windows NT 6.1; WOW64) AppleWebKit/537.36 (KHTML, like Gecko) Chrome/52.0.2743.116 Safari/537.36"
45.146.165.37 - - [11/Jan/2022:15:24:48 -0500] "POST /mifs/.;/services/LogService HTTP/1.1" 404 5601 "https://216.93.146.231:443" "Mozilla/5.0 (Windows NT 10.0; Win64; x64) AppleWebKit/537.36 (KHTML, like Gecko) Chrome/78.0.3904.108 Safari/537.36"
136.144.41.117 - - [11/Jan/2022:15:39:53 -0500] "GET / HTTP/1.1" 200 642 "-" "Linux Gnu (cow)"
125.64.94.212 - - [11/Jan/2022:15:41:38 -0500] "GET / HTTP/1.0" 200 982 "-" "-"
125.64.94.212 - - [11/Jan/2022:15:41:39 -0500] "GET /favicon.ico HTTP/1.1" 404 437 "-" "Mozilla/5.0 (X11; Linux x86_64) AppleWebKit/537.36 (KHTML, like Gecko) Chrome/86.0.4 240.111 Safari/537.36"
125.64.94.212 - - [11/Jan/2022:15:41:40 -0500] "GET /robots.txt HTTP/1.1" 404 437 "-" "Mozilla/5.0 (X11; Linux x86_64) AppleWebKit/537.36 (KHTML, like Gecko) Chrome/86.0.4 240.111 Safari/537.36"
125.64.94.212 - - [11/Jan/2022:15:41:40 -0500] "GET /.well-known/security.txt HTTP/1.1" 404 437 "-" "Mozilla/5.0 (X11; Linux x86_64) AppleWebKit/537.36 (KHTML, like Gecko) Chrome/86.0.4 240.111 Safari/537.36"
125.64.94.212 - - [11/Jan/2022:15:42:15 -0500] "GET / HTTP/1.0" 200 982 "-" "-"
125.64.94.212 - - [11/Jan/2022:15:42:16 -0500] "GET /favicon.ico HTTP/1.1" 404 437 "-" "Mozilla/5.0 (X11; Linux x86_64) AppleWebKit/537.36 (KHTML, like Gecko) Chrome/86.0.4 240.111 Safari/537.36"
125.64.94.212 - - [11/Jan/2022:15:42:17 -0500] "GET /robots.txt HTTP/1.1" 404 437 "-" "Mozilla/5.0 (X11; Linux x86_64) AppleWebKit/537.36 (KHTML, like Gecko) Chrome/86.0.4 240.111 Safari/537.36"
125.64.94.212 - - [11/Jan/2022:15:42:18 -0500] "GET /.well-known/security.txt HTTP/1.1" 404 437 "-" "Mozilla/5.0 (X11; Linux x86_64) AppleWebKit/537.36 (KHTML, like Gecko) Chrome/86.0.4 240.111 Safari/537.36"
188.208.212.193 - - [11/Jan/2022:15:50:39 -0500] "GET / HTTP/1.1" 200 963 "-" "Mozilla/5.0 (Windows NT 10.0; WOW64) AppleWebKit/537.36 (KHTML, like Gecko) Chrome/52.0.2743.116 Safari/537.36"
164.52.24.179 - - [11/Jan/2022:15:58:44 -0500] "\x16\x03\x01\x01 \x01" 400 498 "-" "-"
164.52.24.179 - - [11/Jan/2022:15:58:55 -0500] "\x16\x03\x01" 400 498 "-" "-"
164.52.24.179 - - [11/Jan/2022:15:58:58 -0500] "\x16\x03\x01" 400 498 "-" "-"
164.52.24.179 - - [11/Jan/2022:15:59:08 -0500] "\x16\x03\x01" 400 498 "-" "-"
164.52.24.179 - - [11/Jan/2022:15:59:18 -0500] "GET / HTTP/1.1" 200 963 "-" "Mozilla/5.0 (Windows NT 10.0; Win64; x64; rv:79.0) Gecko/20100101 Firefox/79.0"
45.146.165.37 - - [11/Jan/2022:16:07:32 -0500] "POST /mifs/.;/services/LogService HTTP/1.1" 404 5601 "https://216.93.159.186:443" "Mozilla/5.0 (Windows NT 10.0; Win64; x64) AppleWebKit/537.36 (KHTML, like Gecko) Chrome/78.0.3904.108 Safari/537.36"
45.146.165.37 - - [11/Jan/2022:16:23:18 -0500] "GET /console/ HTTP/1.1" 404 5601 "-" "Mozilla/5.0 (Windows NT 10.0; Win64; x64) AppleWebKit/537.36 (KHTML, like Gecko) Chrome/78.0.3904.108 Safari/537.36"
66.240.236.119 - - [11/Jan/2022:16:26:02 -0500] "GET / HTTP/1.1" 200 5698 "-" "Mozilla/5.0 (X11; Linux x86_64) AppleWebKit/537.36 (KHTML, like Gecko) Chrome/34.0.1847.137 Safari/537.36"
66.240.236.119 - - [11/Jan/2022:16:26:08 -0500] "\n" 400 5230 "-" "-"
66.240.236.119 - - [11/Jan/2022:16:26:08 -0500] "\n" 400 5639 "-" "-"
66.240.236.119 - - [11/Jan/2022:16:26:08 -0500] "\n" 400 5230 "-" "-"
66.240.236.119 - - [11/Jan/2022:16:26:09 -0500] "\n" 400 5230 "-" "-"
66.240.236.119 - - [11/Jan/2022:16:26:18 -0500] "GET /robots.txt HTTP/1.1" 404 5173 "-" "-"
66.240.236.119 - - [11/Jan/2022:16:26:18 -0500] "GET /sitemap.xml HTTP/1.1" 404 5173 "-" "-"
66.240.236.119 - - [11/Jan/2022:16:26:18 -0500] "GET /.well-known/security.txt HTTP/1.1" 404 5173 "-" "-"
66.240.236.119 - - [11/Jan/2022:16:26:19 -0500] "GET /favicon.ico HTTP/1.1" 404 5229 "-" "Mozilla/5.0 (Macintosh; Intel Mac OS X 10.15; rv:80.0) Gecko/20100101 Firefox/80.0"
66.240.236.119 - - [11/Jan/2022:16:26:21 -0500] "\n" 400 5672 "-" "-"
35.233.62.116 - - [11/Jan/2022:16:26:25 -0500] "GET / HTTP/1.0" 400 630 "-" "-"
45.146.165.37 - - [11/Jan/2022:16:34:19 -0500] "GET /console/ HTTP/1.1" 404 5601 "-" "Mozilla/5.0 (Windows NT 10.0; Win64; x64) AppleWebKit/537.36 (KHTML, like Gecko) Chrome/78.0.3904.108 Safari/537.36"
170.106.174.246 - - [11/Jan/2022:16:40:35 -0500] "GET / HTTP/1.1" 200 963 "-" "curl/7.64.1"
205.185.122.184 - - [11/Jan/2022:16:40:42 -0500] "GET / HTTP/1.1" 200 679 "-" "Mozilla/5.0 (Macintosh; Intel Mac OS X 10_15_7) AppleWebKit/537.36 (KHTML, like Gecko) Chrome/96.0.4664.110 Safari/537.36"
205.185.122.184 - - [11/Jan/2022:16:40:42 -0500] "GET /favicon.ico HTTP/1.1" 404 492 "-" "Mozilla/5.0 (Macintosh; Intel Mac OS X 10_15_7) AppleWebKit/537.36 (KHTML, like Gecko) Chrome/96.0.4664.110 Safari/537.36"
45.146.165.37 - - [11/Jan/2022:17:45:47 -0500] "POST /Autodiscover/Autodiscover.xml HTTP/1.1" 404 5601 "-" "Mozilla/5.0 (Windows NT 10.0; Win64; x64) AppleWebKit/537.36 (KHTML, like Gecko) Chrome/78.0.3904.108 Safari/537.36"
136.144.41.117 - - [11/Jan/2022:17:53:55 -0500] "GET / HTTP/1.1" 200 642 "-" "Linux Gnu (cow)"
45.146.165.37 - - [11/Jan/2022:18:20:07 -0500] "GET /_ignition/execute-solution HTTP/1.1" 404 5601 "-" "Mozilla/5.0 (Windows NT 10.0; Win64; x64) AppleWebKit/537.36 (KHTML, like Gecko) Chrome/78.0.3904.108 Safari/537.36"
45.146.165.37 - - [11/Jan/2022:18:21:59 -0500] "GET /_ignition/execute-solution HTTP/1.1" 404 5601 "-" "Mozilla/5.0 (Windows NT 10.0; Win64; x64) AppleWebKit/537.36 (KHTML, like Gecko) Chrome/78.0.3904.108 Safari/537.36"
45.146.165.37 - - [11/Jan/2022:18:59:17 -0500] "GET / HTTP/1.1" 200 5786 "-" "Mozilla/5.0 (Windows NT 10.0; Win64; x64) AppleWebKit/537.36 (KHTML, like Gecko) Chrome/78.0.3904.108 Safari/537.36"
192.241.209.112 - - [11/Jan/2022:18:59:18 -0500] "GET /login HTTP/1.1" 404 4994 "-" "Mozilla/5.0 zgrab/0.x"
192.241.215.179 - - [11/Jan/2022:18:59:34 -0500] "GET /ReportServer HTTP/1.1" 404 4994 "-" "Mozilla/5.0 zgrab/0.x"
192.241.209.112 - - [11/Jan/2022:19:01:27 -0500] "GET /login HTTP/1.1" 404 4994 "-" "Mozilla/5.0 zgrab/0.x"
162.62.223.10 - - [11/Jan/2022:19:12:55 -0500] "\x16\x03\x01" 400 498 "-" "-"
162.62.223.10 - - [11/Jan/2022:19:12:55 -0500] "GET / HTTP/1.1" 200 623 "-" "Mozilla/5.0 (X11; Linux x86_64) AppleWebKit/537.36 (KHTML, like Gecko) Chrome/86.0.4 240.111 Safari/537.36"
45.146.165.37 - - [11/Jan/2022:19:23:10 -0500] "GET / HTTP/1.1" 200 5786 "-" "Mozilla/5.0 (Windows NT 10.0; Win64; x64) AppleWebKit/537.36 (KHTML, like Gecko) Chrome/78.0.3904.108 Safari/537.36"
162.62.223.10 - - [11/Jan/2022:19:26:34 -0500] "\x16\x03\x01" 400 498 "-" "-"
162.62.223.10 - - [11/Jan/2022:19:26:35 -0500] "\x16\x03\x01" 400 498 "-" "-"
74.82.47.5 - - [11/Jan/2022:19:26:42 -0500] "GET / HTTP/1.1" 200 963 "-" "-"
125.34.21.15 - - [11/Jan/2022:19:29:10 -0500] "GET / HTTP/1.1" 200 963 "-" "Mozilla/5.0 (Windows NT 10.0; WOW64) AppleWebKit/537.36 (KHTML, like Gecko) Chrome/51.0.2704.103 Safari/537.36"
213.5.47.43 - - [11/Jan/2022:19:49:30 -0500] "GET /remote/fgt_lang?lang=/../../../..//////////dev/cmdb/sslvpn_websession HTTP/1.1" 404 5601 "-" "Python-urllib/3.9"
148.72.177.181 - - [11/Jan/2022:19:50:57 -0500] "GET /remote/fgt_lang?lang=/../../../..//////////dev/cmdb/sslvpn_websession HTTP/1.1" 404 5192 "-" "Python-urllib/3.6"
104.140.188.34 - - [11/Jan/2022:19:51:05 -0500] "GET / HTTP/1.0" 200 982 "-" "https://gdnplus.com:Gather Analyze Provide."
92.118.161.45 - - [11/Jan/2022:20:03:14 -0500] "GET / HTTP/1.1" 200 5519 "-" "NetSystemsResearch studies the availability of various services across the internet. Our website is netsystemsresearch.com"
143.198.225.197 - - [11/Jan/2022:20:05:41 -0500] "GET / HTTP/1.1" 200 5698 "-" "Mozilla/5.0 (X11; Linux x86_64) AppleWebKit/537.36 (KHTML, like Gecko) Chrome/34.0.1847.137 Safari/537.36"
143.198.225.197 - - [11/Jan/2022:20:06:13 -0500] "\n" 400 5230 "-" "-"
143.198.225.197 - - [11/Jan/2022:20:06:15 -0500] "\n" 400 5639 "-" "-"
143.198.225.197 - - [11/Jan/2022:20:06:16 -0500] "\n" 400 5230 "-" "-"
143.198.225.197 - - [11/Jan/2022:20:06:16 -0500] "\n" 400 5230 "-" "-"
143.198.225.197 - - [11/Jan/2022:20:06:26 -0500] "GET /robots.txt HTTP/1.1" 404 5180 "-" "-"
143.198.225.197 - - [11/Jan/2022:20:06:34 -0500] "GET /sitemap.xml HTTP/1.1" 404 5180 "-" "-"
143.198.225.197 - - [11/Jan/2022:20:06:35 -0500] "GET /.well-known/security.txt HTTP/1.1" 404 5180 "-" "-"
143.198.225.197 - - [11/Jan/2022:20:06:44 -0500] "GET /favicon.ico HTTP/1.1" 404 5236 "-" "Mozilla/5.0 (Macintosh; Intel Mac OS X 10.15; rv:80.0) Gecko/20100101 Firefox/80.0"
143.198.225.197 - - [11/Jan/2022:20:06:48 -0500] "\n" 400 5672 "-" "-"
130.211.54.158 - - [11/Jan/2022:20:07:09 -0500] "GET / HTTP/1.0" 400 630 "-" "-"
45.146.165.37 - - [11/Jan/2022:20:19:22 -0500] "GET / HTTP/1.1" 200 5786 "-" "Mozilla/5.0 (Windows NT 10.0; Win64; x64) AppleWebKit/537.36 (KHTML, like Gecko) Chrome/78.0.3904.108 Safari/537.36"
45.146.165.37 - - [11/Jan/2022:20:26:38 -0500] "GET / HTTP/1.1" 200 5786 "-" "Mozilla/5.0 (Windows NT 10.0; Win64; x64) AppleWebKit/537.36 (KHTML, like Gecko) Chrome/78.0.3904.108 Safari/537.36"
184.105.247.195 - - [11/Jan/2022:20:30:30 -0500] "GET / HTTP/1.1" 200 963 "-" "-"
136.144.41.6 - - [11/Jan/2022:20:39:28 -0500] "GET / HTTP/1.1" 200 642 "http://216.93.159.186:80/left.html" "Mozilla/5.0 (X11; Ubuntu; Linux x86_64; rv:77.0) Gecko/20100101 Firefox/77.0"
100.16.231.201 - - [11/Jan/2022:21:12:22 -0500] "GET / HTTP/1.1" 200 963 "-" "-"
46.212.132.76 - - [11/Jan/2022:21:14:15 -0500] "GET / HTTP/1.1" 200 963 "-" "-"
130.211.54.158 - - [11/Jan/2022:21:14:39 -0500] "GET / HTTP/1.1" 200 5250 "-" "python-requests/2.27.1"
45.146.165.37 - - [11/Jan/2022:21:27:21 -0500] "POST /cgi-bin/.%2e/.%2e/.%2e/.%2e/bin/sh HTTP/1.1" 400 5633 "-" "Mozilla/5.0 (Windows NT 10.0; Win64; x64) AppleWebKit/537.36 (KHTML, like Gecko) Chrome/78.0.3904.108 Safari/537.36"
104.233.192.5 - - [11/Jan/2022:21:31:30 -0500] "GET http://azenv.net/ HTTP/1.1" 200 642 "-" "Go-http-client/1.1"
104.233.192.5 - - [11/Jan/2022:21:34:17 -0500] "GET http://azenv.net/ HTTP/1.1" 200 642 "-" "Go-http-client/1.1"
45.146.165.37 - - [11/Jan/2022:21:44:19 -0500] "GET / HTTP/1.1" 200 5786 "-" "Mozilla/5.0 (Windows NT 10.0; Win64; x64) AppleWebKit/537.36 (KHTML, like Gecko) Chrome/78.0.3904.108 Safari/537.36"
102.141.18.194 - - [11/Jan/2022:21:55:44 -0500] "GET / HTTP/1.1" 200 963 "-" "Mozilla/5.0 (Windows NT 10.0; WOW64) AppleWebKit/537.36 (KHTML, like Gecko) Chrome/51.0.2704.103 Safari/537.36"
65.141.6.170 - - [11/Jan/2022:22:05:00 -0500] "GET /.env HTTP/1.1" 404 493 "-" "Mozilla/5.0 (X11; Linux x86_64) AppleWebKit/537.36 (KHTML, like Gecko) Chrome/81.0.4044.129 Safari/537.36"
65.141.6.170 - - [11/Jan/2022:22:05:00 -0500] "POST / HTTP/1.1" 200 679 "-" "Mozilla/5.0 (X11; Linux x86_64) AppleWebKit/537.36 (KHTML, like Gecko) Chrome/81.0.4044.129 Safari/537.36"
45.146.165.37 - - [11/Jan/2022:22:05:40 -0500] "GET / HTTP/1.1" 200 5786 "-" "Mozilla/5.0 (Windows NT 10.0; Win64; x64) AppleWebKit/537.36 (KHTML, like Gecko) Chrome/78.0.3904.108 Safari/537.36"
37.194.116.176 - - [11/Jan/2022:22:09:56 -0500] "GET / HTTP/1.1" 200 963 "-" "Mozilla/5.0 (Windows NT 10.0; WOW64) AppleWebKit/537.36 (KHTML, like Gecko) Chrome/51.0.2704.103 Safari/537.36"
198.98.49.124 - - [11/Jan/2022:22:10:41 -0500] "GET / HTTP/1.1" 200 642 "-" "Linux Gnu (cow)"
103.86.41.122 - - [11/Jan/2022:22:28:48 -0500] "GET / HTTP/1.1" 200 963 "-" "Mozilla/5.0 (Windows NT 10.0; WOW64) AppleWebKit/537.36 (KHTML, like Gecko) Chrome/52.0.2743.116 Safari/537.36"
192.241.205.179 - - [11/Jan/2022:22:29:51 -0500] "GET /actuator/health HTTP/1.1" 404 4994 "-" "Mozilla/5.0 zgrab/0.x"
192.241.205.179 - - [11/Jan/2022:22:32:27 -0500] "GET /actuator/health HTTP/1.1" 404 4994 "-" "Mozilla/5.0 zgrab/0.x"
107.130.226.93 - - [11/Jan/2022:22:39:49 -0500] "GET /.env HTTP/1.1" 404 493 "-" "Mozilla/5.0 (X11; Linux x86_64) AppleWebKit/537.36 (KHTML, like Gecko) Chrome/81.0.4044.129 Safari/537.36"
107.130.226.93 - - [11/Jan/2022:22:39:49 -0500] "POST / HTTP/1.1" 200 679 "-" "Mozilla/5.0 (X11; Linux x86_64) AppleWebKit/537.36 (KHTML, like Gecko) Chrome/81.0.4044.129 Safari/537.36"
193.106.29.210 - - [11/Jan/2022:23:32:42 -0500] "GET / HTTP/1.1" 200 623 "-" "Mozilla/5.0 (Windows NT 10.0; Win64; x64; rv:90.0) Gecko/20100101 Firefox/90.0"
198.98.49.124 - - [11/Jan/2022:23:55:15 -0500] "GET / HTTP/1.1" 200 642 "-" "Linux Gnu (cow)"
185.189.182.234 - - [11/Jan/2022:23:58:32 -0500] "GET / HTTP/1.1" 400 498 "-" "-"
160.116.22.22 - - [11/Jan/2022:23:59:42 -0500] "GET / HTTP/1.0" 400 630 "-" "-"
